// Vitest Snapshot v1

exports[`Pensjonsberegning > viser feilmelding om henting av pensjonberegning feiler 1`] = `
<DocumentFragment>
  <div
    class="navds-alert navds-alert--error navds-alert--medium"
  >
    <svg
      aria-labelledby="title-r2"
      class="navds-alert__icon"
      fill="none"
      focusable="false"
      height="1em"
      role="img"
      viewBox="0 0 24 24"
      width="1em"
      xmlns="http://www.w3.org/2000/svg"
    >
      <title
        id="title-r2"
      >
        Feil
      </title>
      <path
        clip-rule="evenodd"
        d="M0 11.976C.013 5.372 5.395 0 11.999 0 18.639.013 24.012 5.406 24 12.022 23.986 18.627 18.603 24 12 24h-.023a11.924 11.924 0 0 1-8.48-3.531A11.923 11.923 0 0 1 0 11.976Zm17-3.547L15.571 7 12 10.572 8.429 7 7 8.429 10.572 12 7 15.571 8.429 17 12 13.428 15.571 17 17 15.571 13.428 12 17 8.429Z"
        fill="#C30000"
        fill-rule="evenodd"
      />
    </svg>
    <div
      class="navds-alert__wrapper navds-body-long"
    >
      <h1
        class="navds-heading navds-heading--small navds-typo--spacing"
      >
        Vi klarte ikke å kalkulere pensjonen din. Prøv igjen senere.
      </h1>
    </div>
  </div>
</DocumentFragment>
`;

exports[`Pensjonsberegning > viser loading og deretter pensjonsberegning hentet fra backend 1`] = `
<DocumentFragment>
  <section
    class="_sammenligning_01a375"
  >
    <h1
      class="navds-heading navds-heading--large"
    >
      Hei Ola!
    </h1>
    <p
      class="navds-body-long"
    >
      Hvis du fortsetter å ha en inntekt på 
      <strong>
        678 000 kr
      </strong>
       kan du tidligst gå av med alderspensjon når du blir 
      <strong>
        67 år
      </strong>
      . Hvis du går av senere, får du høyere pensjon.
    </p>
    <section
      aria-label="Pensjonsberegning"
      class="_chart_01a375"
    >
      <table
        class="_chart_95eb26"
      >
        <thead>
          <tr>
            <th
              class="_header_95eb26"
            >
              Lønn
            </th>
            <th
              class="_header_95eb26"
            >
              67 år
            </th>
            <th
              class="_header_95eb26"
            >
              68 år
            </th>
            <th
              class="_header_95eb26"
            >
              69 år
            </th>
          </tr>
        </thead>
        <tbody>
          <tr>
            <td
              class="_cell_95eb26"
              style="--height: 128px;"
            >
              <p
                class="navds-body-short"
              >
                678 000
              </p>
              <figure
                class="_bar_95eb26"
              />
            </td>
            <td
              class="_cell_95eb26"
              style="--height: 56.63716814159292px;"
            >
              <p
                class="navds-body-short"
              >
                300 000
              </p>
              <figure
                class="_bar_95eb26"
              />
            </td>
            <td
              class="_cell_95eb26"
              style="--height: 66.07669616519173px;"
            >
              <p
                class="navds-body-short"
              >
                350 000
              </p>
              <figure
                class="_bar_95eb26"
              />
            </td>
            <td
              class="_cell_95eb26"
              style="--height: 75.51622418879056px;"
            >
              <p
                class="navds-body-short"
              >
                400 000
              </p>
              <figure
                class="_bar_95eb26"
              />
            </td>
          </tr>
        </tbody>
      </table>
    </section>
    <button
      class="navds-button navds-button--secondary navds-button--medium"
    >
      <span
        aria-live="polite"
        class="navds-label"
      >
        Sjekk hele pensjonen din
      </span>
    </button>
    <a
      class="navds-link"
      href="#"
    >
      Om hvordan vi beregner din pensjon
    </a>
  </section>
</DocumentFragment>
`;
