// Vitest Snapshot v1

exports[`ErrorPage404 > rendrer med riktig tekst og knapper 1`] = `
<DocumentFragment>
  <main
    class="_main_58a32b _main__isFramed_58a32b"
  >
    <div
      class="_headerGroup_58a32b"
    >
      <h1
        class="_headerGroupTitle_58a32b _headerGroupTitle__isFramed_58a32b navds-heading navds-heading--large"
      >
        application.title
      </h1>
    </div>
    <section
      class="_section_67454f _section__largePadding_67454f"
      data-testid="error-page-404"
    >
      <h2
        class="navds-heading navds-heading--medium navds-typo--spacing"
      >
        error.404.title
      </h2>
      <div
        class="navds-list navds-list--medium"
      >
        <ul>
          <li
            class="navds-list__item"
          >
            <div
              class="navds-list__item-marker--bullet"
            >
              <svg
                aria-hidden="true"
                fill="none"
                focusable="false"
                height="6"
                role="img"
                viewBox="0 0 6 6"
                width="6"
                xmlns="http://www.w3.org/2000/svg"
              >
                <rect
                  fill="currentColor"
                  height="6"
                  rx="3"
                  width="6"
                />
              </svg>
            </div>
            <div
              class="navds-list__item-content navds-body-short navds-body-short--medium"
            >
              <p
                class="navds-body-long navds-body-long--medium"
              >
                error.404.list_item1
              </p>
            </div>
          </li>
          <li
            class="navds-list__item"
          >
            <div
              class="navds-list__item-marker--bullet"
            >
              <svg
                aria-hidden="true"
                fill="none"
                focusable="false"
                height="6"
                role="img"
                viewBox="0 0 6 6"
                width="6"
                xmlns="http://www.w3.org/2000/svg"
              >
                <rect
                  fill="currentColor"
                  height="6"
                  rx="3"
                  width="6"
                />
              </svg>
            </div>
            <div
              class="navds-list__item-content navds-body-short navds-body-short--medium"
            >
              <p
                class="navds-body-long navds-body-long--medium"
              >
                error.404.list_item2
              </p>
            </div>
          </li>
        </ul>
      </div>
      <button
        class="_button_789545 navds-button navds-button--primary navds-button--medium"
        type="button"
      >
        <span
          class="navds-label"
        >
          error.404.button.primary
        </span>
      </button>
      <button
        class="_button_789545 navds-button navds-button--secondary navds-button--medium"
        type="button"
      >
        <span
          class="navds-label"
        >
          error.404.button.secondary
        </span>
      </button>
    </section>
  </main>
</DocumentFragment>
`;
