// Vitest Snapshot v1, https://vitest.dev/guide/snapshot.html

exports[`store > returnerer store med riktig slices og default state 1`] = `
{
  "api": {
    "config": {
      "focused": true,
      "keepUnusedDataFor": 60,
      "middlewareRegistered": false,
      "online": true,
      "reducerPath": "api",
      "refetchOnFocus": false,
      "refetchOnMountOrArgChange": false,
      "refetchOnReconnect": false,
    },
    "mutations": {},
    "provided": {},
    "queries": {},
    "subscriptions": {},
  },
  "userInput": {
    "afp": null,
    "currentSimulation": {
      "aarligInntekt": 0,
      "startAlder": null,
      "startMaaned": null,
      "uttaksgrad": 100,
    },
    "formatertUttaksalder": null,
    "samboer": null,
    "samtykke": null,
    "utenlandsopphold": null,
  },
}
`;
