// Vitest Snapshot v1

exports[`Sivilstand > viser riktig tekst og lenke når henting av sivilstand er vellykket 1`] = `
<div
  class="navds-accordion__item"
  data-testid="accordion-sivilstand"
>
  <button
    aria-expanded="false"
    class="navds-accordion__header"
    type="button"
  >
    <div
      class="navds-accordion__icon-wrapper"
    >
      <svg
        aria-hidden="true"
        aria-labelledby="title-r0"
        class="navds-accordion__header-chevron"
        fill="none"
        focusable="false"
        height="1em"
        role="img"
        viewBox="0 0 24 24"
        width="1em"
        xmlns="http://www.w3.org/2000/svg"
      >
        <title
          id="title-r0"
        >
          Vis mer
        </title>
        <path
          clip-rule="evenodd"
          d="M5.97 9.47a.75.75 0 0 1 1.06 0L12 14.44l4.97-4.97a.75.75 0 1 1 1.06 1.06l-5.5 5.5a.75.75 0 0 1-1.06 0l-5.5-5.5a.75.75 0 0 1 0-1.06Z"
          fill="currentColor"
          fill-rule="evenodd"
        />
      </svg>
    </div>
    <span
      class="navds-accordion__header-content navds-heading navds-heading--small"
    >
      Sivilstand
      : 
      <span
        class="_details_8a9925"
      >
        Gift
      </span>
    </span>
  </button>
  <div
    class="navds-accordion__content navds-accordion__content--closed navds-body-long"
  >
    <p
      class="navds-body-long"
    >
      Garantipensjon skal sikre et minste garantipensjonsnivå ved 67 år for de som har lav eller ingen opptjening til inntektspensjon. Størrelsen på garantipensjonen avhenger av din sivilstatus, og om ektefelle, partner eller samboer har egen inntekt eller mottar egen pensjon.
       
      <a
        class="navds-link"
      >
        Mer om garantipensjon og satser
      </a>
      .
    </p>
  </div>
</div>
`;
