// Vitest Snapshot v1, https://vitest.dev/guide/snapshot.html

exports[`AgePicker > rendrer riktig default verdier, description og info 1`] = `
<DocumentFragment>
  <div
    data-testid="age-picker-unique-name"
  >
    <label
      class="navds-label"
    >
      My Test Age Picker
    </label>
    <p
      class="_description_1edc42 navds-body-short navds-body-short--medium navds-typo--color-subtle"
    >
      My Description
    </p>
    <div
      class="_selectWrapper_1edc42"
    >
      <div
        class="_selectAar_1edc42 navds-form-field navds-form-field--medium"
      >
        <label
          class="navds-form-field__label navds-label"
          for="select-r0"
        >
          Velg år
        </label>
        <div
          class="navds-select__container"
        >
          <select
            aria-invalid="false"
            aria-required="true"
            class="navds-select__input navds-body-short navds-body-short--medium"
            data-testid="age-picker-unique-name-aar"
            id="select-r0"
            name="unique-name-aar"
          >
            <option
              disabled=""
              value=""
            >
               
            </option>
          </select>
          <svg
            aria-hidden="true"
            class="navds-select__chevron"
            fill="none"
            focusable="false"
            height="1em"
            role="img"
            viewBox="0 0 24 24"
            width="1em"
            xmlns="http://www.w3.org/2000/svg"
          >
            <path
              clip-rule="evenodd"
              d="M5.97 9.47a.75.75 0 0 1 1.06 0L12 14.44l4.97-4.97a.75.75 0 1 1 1.06 1.06l-5.5 5.5a.75.75 0 0 1-1.06 0l-5.5-5.5a.75.75 0 0 1 0-1.06"
              fill="currentColor"
              fill-rule="evenodd"
            />
          </svg>
        </div>
        <div
          aria-live="polite"
          aria-relevant="additions removals"
          class="navds-form-field__error"
          id="select-error-r0"
        />
      </div>
      <div
        class="_selectMaaned_1edc42 navds-form-field navds-form-field--medium navds-form-field--disabled"
      >
        <label
          class="navds-form-field__label navds-label"
          for="select-r2"
        >
          Velg måned
        </label>
        <div
          class="navds-select__container"
        >
          <select
            aria-invalid="false"
            aria-required="true"
            class="navds-select__input navds-body-short navds-body-short--medium"
            data-testid="age-picker-unique-name-maaneder"
            disabled=""
            id="select-r2"
            name="unique-name-maaneder"
          >
            <option
              disabled=""
              value=""
            >
               
            </option>
          </select>
          <svg
            aria-hidden="true"
            class="navds-select__chevron"
            fill="none"
            focusable="false"
            height="1em"
            role="img"
            viewBox="0 0 24 24"
            width="1em"
            xmlns="http://www.w3.org/2000/svg"
          >
            <path
              clip-rule="evenodd"
              d="M5.97 9.47a.75.75 0 0 1 1.06 0L12 14.44l4.97-4.97a.75.75 0 1 1 1.06 1.06l-5.5 5.5a.75.75 0 0 1-1.06 0l-5.5-5.5a.75.75 0 0 1 0-1.06"
              fill="currentColor"
              fill-rule="evenodd"
            />
          </svg>
        </div>
        <div
          aria-live="polite"
          aria-relevant="additions removals"
          class="navds-form-field__error"
          id="select-error-r2"
        />
      </div>
      <span
        class="_date_1edc42"
      />
    </div>
    <div
      class="_alert_9168cd"
      role="alert"
    >
      <div
        class="_alertWrapper_9168cd navds-body-long navds-body-long--medium"
      >
        My Infobox
      </div>
    </div>
  </div>
</DocumentFragment>
`;
