// Vitest Snapshot v1

exports[`LandingPage > rendrer slik den skal, med riktig heading 1`] = `
<DocumentFragment>
  <section
    class="_section_aded60 _section__largePadding_aded60"
  >
    <h2>
      Utlogget landingsside
    </h2>
    <a
      href="/start"
    >
      Logg inn og test kalkulatoren
    </a>
  </section>
</DocumentFragment>
`;
