// Vitest Snapshot v1

exports[`Pensjonssimulering > rendrer slik den skal, med Heading på riktig nivå og knapper for alder 1`] = `
<DocumentFragment>
  <section
    class="_whiteSection_0c72f2 _pensjonssimulering_2cd409"
  >
    <h3
      class="navds-heading navds-heading--small navds-typo--spacing"
    >
      Når vil du ta ut alderspensjon?
    </h3>
    <ul
      class="navds-chips navds-chips--medium navds-body-short navds-body-short--small"
    >
      <li>
        <button
          aria-pressed="true"
          class="navds-chips__chip navds-chips__toggle navds-chips--icon-left"
        >
          <svg
            aria-hidden="true"
            class="navds-chips__toggle-icon"
            fill="none"
            focusable="false"
            height="1em"
            role="img"
            viewBox="0 0 24 24"
            width="1em"
            xmlns="http://www.w3.org/2000/svg"
          >
            <path
              clip-rule="evenodd"
              d="M18.201 6 20 7.89 8.78 19 4 14.396 5.794 12.5l2.98 2.802L18.201 6Z"
              fill="currentColor"
              fill-rule="evenodd"
            />
          </svg>
          <span
            class="navds-chips__chip-text"
          >
            62
          </span>
        </button>
      </li>
      <li>
        <button
          aria-pressed="false"
          class="navds-chips__chip navds-chips__toggle"
        >
          <span
            class="navds-chips__chip-text"
          >
            63
          </span>
        </button>
      </li>
      <li>
        <button
          aria-pressed="false"
          class="navds-chips__chip navds-chips__toggle"
        >
          <span
            class="navds-chips__chip-text"
          >
            64
          </span>
        </button>
      </li>
      <li>
        <button
          aria-pressed="false"
          class="navds-chips__chip navds-chips__toggle"
        >
          <span
            class="navds-chips__chip-text"
          >
            65
          </span>
        </button>
      </li>
      <li>
        <button
          aria-pressed="false"
          class="navds-chips__chip navds-chips__toggle"
        >
          <span
            class="navds-chips__chip-text"
          >
            66
          </span>
        </button>
      </li>
      <li>
        <button
          aria-pressed="false"
          class="navds-chips__chip navds-chips__toggle"
        >
          <span
            class="navds-chips__chip-text"
          >
            67
          </span>
        </button>
      </li>
      <li>
        <button
          aria-pressed="false"
          class="navds-chips__chip navds-chips__toggle"
        >
          <span
            class="navds-chips__chip-text"
          >
            68
          </span>
        </button>
      </li>
      <li>
        <button
          aria-pressed="false"
          class="navds-chips__chip navds-chips__toggle"
        >
          <span
            class="navds-chips__chip-text"
          >
            69
          </span>
        </button>
      </li>
      <li>
        <button
          aria-pressed="false"
          class="navds-chips__chip navds-chips__toggle"
        >
          <span
            class="navds-chips__chip-text"
          >
            70
          </span>
        </button>
      </li>
      <li>
        <button
          aria-pressed="false"
          class="navds-chips__chip navds-chips__toggle"
        >
          <span
            class="navds-chips__chip-text"
          >
            71
          </span>
        </button>
      </li>
      <li>
        <button
          aria-pressed="false"
          class="navds-chips__chip navds-chips__toggle"
        >
          <span
            class="navds-chips__chip-text"
          >
            72
          </span>
        </button>
      </li>
      <li>
        <button
          aria-pressed="false"
          class="navds-chips__chip navds-chips__toggle"
        >
          <span
            class="navds-chips__chip-text"
          >
            73
          </span>
        </button>
      </li>
      <li>
        <button
          aria-pressed="false"
          class="navds-chips__chip navds-chips__toggle"
        >
          <span
            class="navds-chips__chip-text"
          >
            74
          </span>
        </button>
      </li>
      <li>
        <button
          aria-pressed="false"
          class="navds-chips__chip navds-chips__toggle"
        >
          <span
            class="navds-chips__chip-text"
          >
            75
          </span>
        </button>
      </li>
    </ul>
  </section>
</DocumentFragment>
`;
