// Vitest Snapshot v1

exports[`Grunnlag > viser alle seksjonene 1`] = `
<DocumentFragment>
  <section
    class="_section_a5ef50"
  >
    <div
      class="_description_a5ef50"
    >
      <h2
        class="navds-heading navds-heading--medium"
      >
        Grunnlaget for beregningen
      </h2>
      <p
        class="navds-body-long"
      >
        Pensjonsberegningen er gjort med dagens regelverk og er vist i dagens kroneverdi før skatt.
      </p>
    </div>
    <div
      class="navds-accordion navds-accordion--medium navds-accordion--indent"
    >
      <div
        class="navds-accordion__item"
      >
        <button
          aria-expanded="false"
          class="navds-accordion__header"
          type="button"
        >
          <div
            class="navds-accordion__icon-wrapper"
          >
            <svg
              aria-hidden="true"
              aria-labelledby="title-r0"
              class="navds-accordion__header-chevron"
              fill="none"
              focusable="false"
              height="1em"
              role="img"
              viewBox="0 0 24 24"
              width="1em"
              xmlns="http://www.w3.org/2000/svg"
            >
              <title
                id="title-r0"
              >
                Vis mer
              </title>
              <path
                clip-rule="evenodd"
                d="M5.97 9.47a.75.75 0 0 1 1.06 0L12 14.44l4.97-4.97a.75.75 0 1 1 1.06 1.06l-5.5 5.5a.75.75 0 0 1-1.06 0l-5.5-5.5a.75.75 0 0 1 0-1.06Z"
                fill="currentColor"
                fill-rule="evenodd"
              />
            </svg>
          </div>
          <span
            class="navds-accordion__header-content navds-heading navds-heading--small"
          >
            Tidligst mulig uttak: 
            <span
              class="_details_c03039"
            >
              62 år, 10 md.
            </span>
          </span>
        </button>
        <div
          class="navds-accordion__content navds-accordion__content--closed _content_e53ef6 navds-body-long"
        >
          <p
            class="navds-body-long"
          >
            Viser første mulige tidspunkt for uttak av 100 % alderspensjon. Tidspunktet kan bli endret dersom din inntekt endrer seg. Selv om du ikke kan ta ut 100 % alderspensjon på det tidspunktet du ønsker, kan det være du har mulighet til å starte uttak av en lavere uttaksgrad.
            <br />
            <br />
            Rett til AFP i privat eller offentlig sektor kan også ha betydning for når du tidligst kan starte uttak av pensjon. Vær oppmerksom på at dersom du ikke har rett til AFP, vil det kunne påvirke resultatet ditt.
            <br />
            <br />
            Hvorfor kan du ikke starte uttak tidligere: For å ta ut alderspensjon før du har fylt 67 år, må du ha tilstrekkelig høy opptjening. Ved helt eller delvis uttak før 67 år, må opptjeningen være så høy at pensjonen ved fylte 67 år minst tilsvarer 
            <a
              class="navds-link navds-link--action"
            >
              garantipensjonsnivået
            </a>
            . Fra fylte 67 år har alle med opptjente pensjonsrettigheter rett til å starte alderspensjon.
            <br />
            <br />
            Tidspunktet er et estimat og du bør sjekke igjen når tidspunktet nærmer seg.
          </p>
        </div>
      </div>
      <div
        class="navds-accordion__item"
      >
        <button
          aria-expanded="false"
          class="navds-accordion__header"
          type="button"
        >
          <div
            class="navds-accordion__icon-wrapper"
          >
            <svg
              aria-hidden="true"
              aria-labelledby="title-r1"
              class="navds-accordion__header-chevron"
              fill="none"
              focusable="false"
              height="1em"
              role="img"
              viewBox="0 0 24 24"
              width="1em"
              xmlns="http://www.w3.org/2000/svg"
            >
              <title
                id="title-r1"
              >
                Vis mer
              </title>
              <path
                clip-rule="evenodd"
                d="M5.97 9.47a.75.75 0 0 1 1.06 0L12 14.44l4.97-4.97a.75.75 0 1 1 1.06 1.06l-5.5 5.5a.75.75 0 0 1-1.06 0l-5.5-5.5a.75.75 0 0 1 0-1.06Z"
                fill="currentColor"
                fill-rule="evenodd"
              />
            </svg>
          </div>
          <span
            class="navds-accordion__header-content navds-heading navds-heading--small"
          >
            Uttaksgrad: 
            <span
              class="_details_c03039"
            >
              100 %
            </span>
          </span>
        </button>
        <div
          class="navds-accordion__content navds-accordion__content--closed _content_e53ef6 navds-body-long"
        >
          <p
            class="navds-body-long"
          >
            Denne beregningen viser 100 % uttak av alderspensjon. I avansert kalkulator kan du beregne alderspensjon med andre uttaksgrader (20 %, 40 %, 50 %, 60 % og 80 %). Du kan jobbe så mye du vil ved siden av pensjon selv om du har tatt ut 100 %.
          </p>
        </div>
      </div>
      <div
        class="navds-accordion__item"
      >
        <button
          aria-expanded="false"
          class="navds-accordion__header"
          type="button"
        >
          <div
            class="navds-accordion__icon-wrapper"
          >
            <svg
              aria-hidden="true"
              aria-labelledby="title-r2"
              class="navds-accordion__header-chevron"
              fill="none"
              focusable="false"
              height="1em"
              role="img"
              viewBox="0 0 24 24"
              width="1em"
              xmlns="http://www.w3.org/2000/svg"
            >
              <title
                id="title-r2"
              >
                Vis mer
              </title>
              <path
                clip-rule="evenodd"
                d="M5.97 9.47a.75.75 0 0 1 1.06 0L12 14.44l4.97-4.97a.75.75 0 1 1 1.06 1.06l-5.5 5.5a.75.75 0 0 1-1.06 0l-5.5-5.5a.75.75 0 0 1 0-1.06Z"
                fill="currentColor"
                fill-rule="evenodd"
              />
            </svg>
          </div>
          <span
            class="navds-accordion__header-content navds-heading navds-heading--small"
          >
            Inntekt: 
            <span
              class="_details_c03039"
            >
              543 031 kr før uttak
            </span>
          </span>
        </button>
        <div
          class="navds-accordion__content navds-accordion__content--closed _content_e53ef6 navds-body-long"
        >
          <p
            class="navds-body-long"
          >
            Beløpet gjelder brutto årsinntekt frem til uttak av pensjon og er siste pensjonsgivende inntekt mottatt fra Skatteetaten.
          </p>
        </div>
      </div>
      <div
        class="navds-accordion__item"
        data-testid="accordion-sivilstand"
      >
        <button
          aria-expanded="false"
          class="navds-accordion__header"
          type="button"
        >
          <div
            class="navds-accordion__icon-wrapper"
          >
            <svg
              aria-hidden="true"
              aria-labelledby="title-r3"
              class="navds-accordion__header-chevron"
              fill="none"
              focusable="false"
              height="1em"
              role="img"
              viewBox="0 0 24 24"
              width="1em"
              xmlns="http://www.w3.org/2000/svg"
            >
              <title
                id="title-r3"
              >
                Vis mer
              </title>
              <path
                clip-rule="evenodd"
                d="M5.97 9.47a.75.75 0 0 1 1.06 0L12 14.44l4.97-4.97a.75.75 0 1 1 1.06 1.06l-5.5 5.5a.75.75 0 0 1-1.06 0l-5.5-5.5a.75.75 0 0 1 0-1.06Z"
                fill="currentColor"
                fill-rule="evenodd"
              />
            </svg>
          </div>
          <span
            class="navds-accordion__header-content navds-heading navds-heading--small"
          >
            Sivilstand: 
            <span
              class="_details_c03039"
            >
              Kunne ikke hentes
            </span>
          </span>
        </button>
        <div
          class="navds-accordion__content navds-accordion__content--closed _content_e53ef6 navds-body-long"
        >
          <p
            class="navds-body-long"
          >
            Garantipensjon skal sikre et minste garantipensjonsnivå ved 67 år for de som har lav eller ingen opptjening til inntektspensjon. Størrelsen på garantipensjonen avhenger av din sivilstatus, og om ektefelle, partner eller samboer har egen inntekt eller mottar egen pensjon. 
            <a
              class="navds-link navds-link--action"
            >
              Mer om garantipensjon og satser
            </a>
            .
          </p>
        </div>
      </div>
      <div
        class="navds-accordion__item"
      >
        <button
          aria-expanded="false"
          class="navds-accordion__header"
          type="button"
        >
          <div
            class="navds-accordion__icon-wrapper"
          >
            <svg
              aria-hidden="true"
              aria-labelledby="title-r4"
              class="navds-accordion__header-chevron"
              fill="none"
              focusable="false"
              height="1em"
              role="img"
              viewBox="0 0 24 24"
              width="1em"
              xmlns="http://www.w3.org/2000/svg"
            >
              <title
                id="title-r4"
              >
                Vis mer
              </title>
              <path
                clip-rule="evenodd"
                d="M5.97 9.47a.75.75 0 0 1 1.06 0L12 14.44l4.97-4.97a.75.75 0 1 1 1.06 1.06l-5.5 5.5a.75.75 0 0 1-1.06 0l-5.5-5.5a.75.75 0 0 1 0-1.06Z"
                fill="currentColor"
                fill-rule="evenodd"
              />
            </svg>
          </div>
          <span
            class="navds-accordion__header-content navds-heading navds-heading--small"
          >
            Utenlandsopphold: 
            <span
              class="_details_c03039"
            >
              Ingen
            </span>
          </span>
        </button>
        <div
          class="navds-accordion__content navds-accordion__content--closed _content_e53ef6 navds-body-long"
        >
          <p
            class="navds-body-long"
          >
            Opphold i utlandet kan påvirke beregningen. Har du bodd/arbeidet mindre enn 40 år i Norge ved uttakstidspunktet må du bruke 
            <a
              class="navds-link navds-link--action"
            >
              avansert kalkulator.
            </a>
          </p>
        </div>
      </div>
      <div
        class="navds-accordion__item"
      >
        <button
          aria-expanded="false"
          class="navds-accordion__header"
          type="button"
        >
          <div
            class="navds-accordion__icon-wrapper"
          >
            <svg
              aria-hidden="true"
              aria-labelledby="title-r5"
              class="navds-accordion__header-chevron"
              fill="none"
              focusable="false"
              height="1em"
              role="img"
              viewBox="0 0 24 24"
              width="1em"
              xmlns="http://www.w3.org/2000/svg"
            >
              <title
                id="title-r5"
              >
                Vis mer
              </title>
              <path
                clip-rule="evenodd"
                d="M5.97 9.47a.75.75 0 0 1 1.06 0L12 14.44l4.97-4.97a.75.75 0 1 1 1.06 1.06l-5.5 5.5a.75.75 0 0 1-1.06 0l-5.5-5.5a.75.75 0 0 1 0-1.06Z"
                fill="currentColor"
                fill-rule="evenodd"
              />
            </svg>
          </div>
          <span
            class="navds-accordion__header-content navds-heading navds-heading--small"
          >
            Alderspensjon (NAV): 
            <span
              class="_details_c03039"
            >
              204 573 kr
            </span>
          </span>
        </button>
        <div
          class="navds-accordion__content navds-accordion__content--closed _content_e53ef6 navds-body-long"
        >
          <p
            class="navds-body-long"
          >
            Beløpet er alderspensjon som du får første hele året du får full alderspensjon. Alderspensjon beregnes ut ifra 
            <a
              class="navds-link navds-link--action"
            >
              din pensjonsbeholdning
            </a>
            .
            <br />
            <br />
            Andre faktorer som kan påvirke størrelsen på alderspensjon er når du velger å ta ut pensjonen, hvilken uttaksgrad du velger, sivilstand og hvor lenge du har bodd i Norge (vi har forutsatt at du har bodd i Norge hele ditt liv, og bor i Norge fram til uttak av pensjon). Har du bodd/arbeidet mindre enn 40 år i Norge ved uttakstidspunktet eller vil endre noen av de andre ovennevnte faktorene, må du bruke
            <a
              class="navds-link navds-link--action"
            >
              avansert kalkulator
            </a>
            . Der vil du også finne mer detaljer om hvordan din pensjon er beregnet.
          </p>
        </div>
      </div>
      <div
        class="navds-accordion__item"
      >
        <button
          aria-expanded="false"
          class="navds-accordion__header"
          type="button"
        >
          <div
            class="navds-accordion__icon-wrapper"
          >
            <svg
              aria-hidden="true"
              aria-labelledby="title-r6"
              class="navds-accordion__header-chevron"
              fill="none"
              focusable="false"
              height="1em"
              role="img"
              viewBox="0 0 24 24"
              width="1em"
              xmlns="http://www.w3.org/2000/svg"
            >
              <title
                id="title-r6"
              >
                Vis mer
              </title>
              <path
                clip-rule="evenodd"
                d="M5.97 9.47a.75.75 0 0 1 1.06 0L12 14.44l4.97-4.97a.75.75 0 1 1 1.06 1.06l-5.5 5.5a.75.75 0 0 1-1.06 0l-5.5-5.5a.75.75 0 0 1 0-1.06Z"
                fill="currentColor"
                fill-rule="evenodd"
              />
            </svg>
          </div>
          <span
            class="navds-accordion__header-content navds-heading navds-heading--small"
          >
            AFP
          </span>
        </button>
        <div
          class="navds-accordion__content navds-accordion__content--closed _content_e53ef6 navds-body-long"
        >
          <p
            class="navds-body-long"
          >
            NAV har ikke vurdert om du fyller inngangsvilkårene for å få AFP, men forutsetter at du har rett til pensjonen du beregner.
            <br />
            <br />
            Hvis du har spørsmål om du har rett til AFP i privat sektor, må du kontakte 
            <a
              class="navds-link navds-link--action"
            >
              Fellesordningen for AFP
            </a>
            . Hvis du har spørsmål om du har rett til AFP i offentlig sektor, må du kontakte din tjenestepensjonsordning.
          </p>
        </div>
      </div>
      <div
        class="navds-accordion__item"
        data-testid="pensjonsavtaler"
      >
        <button
          aria-expanded="false"
          class="navds-accordion__header"
          type="button"
        >
          <div
            class="navds-accordion__icon-wrapper"
          >
            <svg
              aria-hidden="true"
              aria-labelledby="title-r7"
              class="navds-accordion__header-chevron"
              fill="none"
              focusable="false"
              height="1em"
              role="img"
              viewBox="0 0 24 24"
              width="1em"
              xmlns="http://www.w3.org/2000/svg"
            >
              <title
                id="title-r7"
              >
                Vis mer
              </title>
              <path
                clip-rule="evenodd"
                d="M5.97 9.47a.75.75 0 0 1 1.06 0L12 14.44l4.97-4.97a.75.75 0 1 1 1.06 1.06l-5.5 5.5a.75.75 0 0 1-1.06 0l-5.5-5.5a.75.75 0 0 1 0-1.06Z"
                fill="currentColor"
                fill-rule="evenodd"
              />
            </svg>
          </div>
          <span
            class="navds-accordion__header-content navds-heading navds-heading--small"
          >
            Pensjonsavtaler: 
            <span
              class="_details_c03039"
            >
              Ikke innhentet
            </span>
          </span>
        </button>
        <div
          class="navds-accordion__content navds-accordion__content--closed _content_e53ef6 navds-body-long"
        >
          <p
            class="navds-body-long"
          >
            Du har ikke samtykket til å hente inn pensjonsavtaler om tjenestepensjon. 
            <a
              class="navds-link navds-link--action"
            >
              Start en ny beregning
            </a>
             dersom du ønsker å få dette i beregningen.
          </p>
        </div>
      </div>
    </div>
  </section>
</DocumentFragment>
`;
