// Vitest Snapshot v1

exports[`stegvisning - OffentligTP > rendrer slik den skal 1`] = `
<DocumentFragment>
  <section
    class="_section_645946 _section__largePadding_645946 _section__marginBotton_645946"
  >
    <h2
      class="navds-heading navds-heading--large navds-typo--spacing"
    >
      stegvisning.offentligtp.title
    </h2>
    <p
      class="navds-body-long navds-typo--spacing"
    >
      stegvisning.offentligtp.ingress_1
    </p>
    <p
      class="_lastIngress_f5c4aa navds-body-long"
    >
      stegvisning.offentligtp.ingress_2
    </p>
    <button
      class="_button_f5c4aa navds-button navds-button--primary navds-button--medium"
      type="submit"
    >
      <span
        class="navds-label"
      >
        stegvisning.neste
      </span>
    </button>
    <button
      class="_button_f5c4aa navds-button navds-button--secondary navds-button--medium"
      type="button"
    >
      <span
        class="navds-label"
      >
        stegvisning.tilbake
      </span>
    </button>
    <button
      class="_button_f5c4aa navds-button navds-button--tertiary navds-button--medium"
      type="button"
    >
      <span
        class="navds-label"
      >
        stegvisning.avbryt
      </span>
    </button>
  </section>
</DocumentFragment>
`;
