// Vitest Snapshot v1

exports[`ErrorPageUnexpected > rendrer med riktig tekst og knapper 1`] = `
<DocumentFragment>
  <main
    class="_main_4532c9 _main__isFramed_4532c9"
  >
    <div
      class="_headerGroup_4532c9"
    >
      <h1
        class="_headerGroupTitle_4532c9 _headerGroupTitle__isFramed_4532c9 navds-heading navds-heading--large"
      >
        application.title
      </h1>
    </div>
    <section
      class="_section_aded60 _section__largePadding_aded60"
      data-testid="error-page-unexpected"
    >
      <h2
        class="navds-heading navds-heading--medium navds-typo--spacing"
      >
        error.global.title
      </h2>
      <p
        class="_ingress_ea3f8b navds-ingress"
      >
        error.global.ingress
      </p>
      <button
        class="_button_ea3f8b navds-button navds-button--primary navds-button--medium"
        type="button"
      >
        <span
          class="navds-label"
        >
          error.global.button.primary
        </span>
      </button>
      <button
        class="_button_ea3f8b navds-button navds-button--secondary navds-button--medium"
        type="button"
      >
        <span
          class="navds-label"
        >
          error.global.button.secondary
        </span>
      </button>
    </section>
  </main>
</DocumentFragment>
`;
