// Vitest Snapshot v1

exports[`Simulering > Når brukeren ikke samtykker og ikke velger AFP > rendrer som default med riktig tittel og chart, kun med alderspensjon og inntekt, og uten scroll-knapper 1`] = `
<DocumentFragment>
  <section
    class="_section_ccee9c"
  >
    <div
      data-highcharts-chart="3"
      style="overflow: visible;"
    >
      <div
        class="highcharts-scrolling-parent"
        style="position: relative;"
      >
        <div
          class="highcharts-fixed"
          dir="ltr"
          style="padding: 0px; margin: 0px; position: absolute; overflow: hidden; pointer-events: none; z-index: 2; top: 0px;"
        >
          <svg
            class="highcharts-root"
            height="400"
            style="font-family: Helvetica, Arial, sans-serif; font-size: 1rem;"
            version="1.1"
            viewBox="0 0 600 400"
            width="600"
            xmlns="http://www.w3.org/2000/svg"
          >
            <desc>
              Created with Highcharts 11.1.0
            </desc>
            <defs />
            <path
              class="highcharts-scrollable-mask"
              d="M 0 0"
              data-z-index="-1"
              fill="#ffffff"
              fill-opacity="0.85"
            />
            <text
              class="highcharts-subtitle"
              data-z-index="4"
              style="color: rgb(102, 102, 102); font-size: 0.8em; fill: #666666; pointer-events: auto;"
              text-anchor="middle"
              x="295"
              y="0"
            />
            <text
              class="highcharts-title"
              data-z-index="4"
              style="font-size: 20px; color: rgb(51, 51, 51); font-weight: bold; font-family: var(--a-font-family); fill: #333333; pointer-events: auto;"
              text-anchor="start"
              x="0"
              y="20"
            >
              Beregning
            </text>
            <g
              class="highcharts-legend highcharts-no-tooltip"
              data-z-index="7"
              style="pointer-events: auto;"
              transform="translate(0,-25)"
            >
              <rect
                class="highcharts-legend-box"
                fill="none"
                filter="none"
                height="19"
                rx="0"
                ry="0"
                stroke="#999999"
                stroke-width="0"
                width="54"
                x="0"
                y="0"
              />
              <g
                data-z-index="1"
              >
                <g>
                  <g
                    class="highcharts-legend-item highcharts-column-series highcharts-color-undefined highcharts-series-0"
                    data-z-index="1"
                    transform="translate(0,-5)"
                  >
                    <rect
                      class="highcharts-point"
                      data-z-index="3"
                      fill="var(--a-gray-500)"
                      height="14"
                      rx="7"
                      ry="7"
                      width="14"
                      x="1"
                      y="6"
                    />
                  </g>
                  <g
                    class="highcharts-legend-item highcharts-column-series highcharts-color-undefined highcharts-series-1"
                    data-z-index="1"
                    transform="translate(33,-5)"
                  >
                    <rect
                      class="highcharts-point"
                      data-z-index="3"
                      fill="var(--a-deepblue-500)"
                      height="14"
                      rx="7"
                      ry="7"
                      width="14"
                      x="1"
                      y="6"
                    />
                  </g>
                </g>
              </g>
            </g>
          </svg>
          <div
            class="highcharts-legend highcharts-no-tooltip"
            style="position: absolute; left: 0px; top: -25px; opacity: 1; visibility: inherit; pointer-events: auto;"
          >
            <div
              style="position: absolute; left: 0px; top: 0px; opacity: 1;"
            >
              <div
                style="position: absolute; left: 0px; top: 0px; opacity: 1;"
              >
                <div
                  class="highcharts-legend-item highcharts-column-series highcharts-color-undefined highcharts-series-0"
                  style="position: absolute; left: 0px; top: -5px; opacity: 1;"
                >
                  <span
                    data-z-index="2"
                    style="position: absolute; font-family: var(--a-font-family); font-size: 14px; white-space: nowrap; color: rgb(0, 0, 0); cursor: default; text-decoration: none; text-overflow: ellipsis; font-weight: regular; z-index: 0; overflow: hidden; margin-left: 0px; margin-top: 0px; left: 21px; top: 5px; z-index: 0;"
                  >
                    Inntekt (lønn m.m.)
                  </span>
                </div>
                <div
                  class="highcharts-legend-item highcharts-column-series highcharts-color-undefined highcharts-series-1"
                  style="position: absolute; left: 33px; top: -5px; opacity: 1;"
                >
                  <span
                    data-z-index="2"
                    style="position: absolute; font-family: var(--a-font-family); font-size: 14px; white-space: nowrap; color: rgb(0, 0, 0); cursor: default; text-decoration: none; text-overflow: ellipsis; font-weight: regular; z-index: 0; overflow: hidden; margin-left: 0px; margin-top: 0px; left: 21px; top: 5px; z-index: 0;"
                  >
                    Alderspensjon (NAV)
                  </span>
                </div>
              </div>
            </div>
          </div>
        </div>
        <div
          class="highcharts-scrolling"
          style="overflow-x: auto; overflow-y: hidden; height: 400px;"
        >
          <div
            class="highcharts-inner-container"
          >
            <div
              class="highcharts-container "
              dir="ltr"
              id="highcharts-109"
              style="position: relative; overflow: hidden; width: 600px; height: 400px; text-align: left; line-height: normal; z-index: 0; user-select: none; outline: none;"
            >
              <svg
                aria-label="Beregning"
                class="highcharts-root"
                height="400"
                role="img"
                style="font-family: Helvetica, Arial, sans-serif; font-size: 1rem;"
                version="1.1"
                viewBox="0 0 600 400"
                width="600"
                xmlns="http://www.w3.org/2000/svg"
              >
                <desc>
                  Created with Highcharts 11.1.0
                </desc>
                <defs>
                  <filter
                    id="highcharts-drop-shadow-3"
                  >
                    <fedropshadow
                      dx="1"
                      dy="1"
                      flood-color="#000000"
                      flood-opacity="0.75"
                      stdDeviation="2.5"
                    />
                  </filter>
                  <clippath
                    id="highcharts-110-"
                  >
                    <rect
                      fill="none"
                      height="NaN"
                      width="NaN"
                      x="0"
                      y="0"
                    />
                  </clippath>
                  <clippath
                    id="highcharts-128-"
                  >
                    <rect
                      fill="none"
                      height="NaNNaN"
                      width="NaNNaN"
                      x="0"
                      y="0"
                    />
                  </clippath>
                </defs>
                <rect
                  class="highcharts-background"
                  fill="#ffffff"
                  filter="none"
                  height="400"
                  rx="0"
                  ry="0"
                  width="600"
                  x="0"
                  y="0"
                />
                <rect
                  class="highcharts-plot-background"
                  fill="none"
                  filter="none"
                  height="NaN"
                  width="NaN"
                  x="NaN"
                  y="0"
                />
                <rect
                  class="highcharts-plot-border"
                  data-z-index="1"
                  fill="none"
                  height="400"
                  stroke="#cccccc"
                  stroke-width="0"
                  width="740"
                  x="0"
                  y="0"
                />
                <g
                  class="highcharts-grid highcharts-xaxis-grid"
                  data-z-index="1"
                >
                  <path
                    class="highcharts-grid-line"
                    d="M 0 0"
                    data-z-index="1"
                    fill="none"
                    opacity="1"
                    stroke="#e6e6e6"
                    stroke-dasharray="none"
                    stroke-width="0"
                  />
                  <path
                    class="highcharts-grid-line"
                    d="M 0 0"
                    data-z-index="1"
                    fill="none"
                    opacity="1"
                    stroke="#e6e6e6"
                    stroke-dasharray="none"
                    stroke-width="0"
                  />
                  <path
                    class="highcharts-grid-line"
                    d="M 0 0"
                    data-z-index="1"
                    fill="none"
                    opacity="1"
                    stroke="#e6e6e6"
                    stroke-dasharray="none"
                    stroke-width="0"
                  />
                  <path
                    class="highcharts-grid-line"
                    d="M 0 0"
                    data-z-index="1"
                    fill="none"
                    opacity="1"
                    stroke="#e6e6e6"
                    stroke-dasharray="none"
                    stroke-width="0"
                  />
                  <path
                    class="highcharts-grid-line"
                    d="M 0 0"
                    data-z-index="1"
                    fill="none"
                    opacity="1"
                    stroke="#e6e6e6"
                    stroke-dasharray="none"
                    stroke-width="0"
                  />
                  <path
                    class="highcharts-grid-line"
                    d="M 0 0"
                    data-z-index="1"
                    fill="none"
                    opacity="1"
                    stroke="#e6e6e6"
                    stroke-dasharray="none"
                    stroke-width="0"
                  />
                  <path
                    class="highcharts-grid-line"
                    d="M 0 0"
                    data-z-index="1"
                    fill="none"
                    opacity="1"
                    stroke="#e6e6e6"
                    stroke-dasharray="none"
                    stroke-width="0"
                  />
                  <path
                    class="highcharts-grid-line"
                    d="M 0 0"
                    data-z-index="1"
                    fill="none"
                    opacity="1"
                    stroke="#e6e6e6"
                    stroke-dasharray="none"
                    stroke-width="0"
                  />
                  <path
                    class="highcharts-grid-line"
                    d="M 0 0"
                    data-z-index="1"
                    fill="none"
                    opacity="1"
                    stroke="#e6e6e6"
                    stroke-dasharray="none"
                    stroke-width="0"
                  />
                  <path
                    class="highcharts-grid-line"
                    d="M 0 0"
                    data-z-index="1"
                    fill="none"
                    opacity="1"
                    stroke="#e6e6e6"
                    stroke-dasharray="none"
                    stroke-width="0"
                  />
                  <path
                    class="highcharts-grid-line"
                    d="M 0 0"
                    data-z-index="1"
                    fill="none"
                    opacity="1"
                    stroke="#e6e6e6"
                    stroke-dasharray="none"
                    stroke-width="0"
                  />
                  <path
                    class="highcharts-grid-line"
                    d="M 0 0"
                    data-z-index="1"
                    fill="none"
                    opacity="1"
                    stroke="#e6e6e6"
                    stroke-dasharray="none"
                    stroke-width="0"
                  />
                  <path
                    class="highcharts-grid-line"
                    d="M 0 0"
                    data-z-index="1"
                    fill="none"
                    opacity="1"
                    stroke="#e6e6e6"
                    stroke-dasharray="none"
                    stroke-width="0"
                  />
                  <path
                    class="highcharts-grid-line"
                    d="M 0 0"
                    data-z-index="1"
                    fill="none"
                    opacity="1"
                    stroke="#e6e6e6"
                    stroke-dasharray="none"
                    stroke-width="0"
                  />
                  <path
                    class="highcharts-grid-line"
                    d="M 0 0"
                    data-z-index="1"
                    fill="none"
                    opacity="1"
                    stroke="#e6e6e6"
                    stroke-dasharray="none"
                    stroke-width="0"
                  />
                  <path
                    class="highcharts-grid-line"
                    d="M 0 0"
                    data-z-index="1"
                    fill="none"
                    opacity="1"
                    stroke="#e6e6e6"
                    stroke-dasharray="none"
                    stroke-width="0"
                  />
                </g>
                <g
                  class="highcharts-grid highcharts-yaxis-grid"
                  data-z-index="1"
                >
                  <path
                    class="highcharts-grid-line"
                    d="M 0 0"
                    data-z-index="1"
                    fill="none"
                    opacity="1"
                    stroke="var(--a-grayalpha-200)"
                    stroke-dasharray="none"
                    stroke-width="1"
                  />
                  <path
                    class="highcharts-grid-line"
                    d="M 0 0"
                    data-z-index="1"
                    fill="none"
                    opacity="1"
                    stroke="var(--a-grayalpha-200)"
                    stroke-dasharray="none"
                    stroke-width="1"
                  />
                  <path
                    class="highcharts-grid-line"
                    d="M 0 0"
                    data-z-index="1"
                    fill="none"
                    opacity="1"
                    stroke="var(--a-grayalpha-200)"
                    stroke-dasharray="none"
                    stroke-width="1"
                  />
                  <path
                    class="highcharts-grid-line"
                    d="M 0 0"
                    data-z-index="1"
                    fill="none"
                    opacity="1"
                    stroke="var(--a-grayalpha-200)"
                    stroke-dasharray="none"
                    stroke-width="1"
                  />
                  <path
                    class="highcharts-grid-line"
                    d="M 0 0"
                    data-z-index="1"
                    fill="none"
                    opacity="1"
                    stroke="var(--a-grayalpha-200)"
                    stroke-dasharray="none"
                    stroke-width="1"
                  />
                </g>
                <g
                  class="highcharts-axis highcharts-xaxis"
                  data-z-index="2"
                >
                  <path
                    class="highcharts-axis-line"
                    d="M 0 0"
                    data-z-index="7"
                    fill="none"
                    stroke="var(--a-grayalpha-700)"
                    stroke-width="1"
                  />
                </g>
                <g
                  class="highcharts-axis highcharts-yaxis"
                  data-z-index="2"
                >
                  <text
                    class="highcharts-axis-title"
                    data-z-index="7"
                    style="color: rgb(102, 102, 102); font-family: var(--a-font-family); z-index: 0; fill: #666666; z-index: 0;"
                    text-anchor="start"
                    transform="translate(0,0)"
                    x="NaN"
                    y="22"
                  >
                    Tusen kroner
                  </text>
                  <path
                    class="highcharts-axis-line"
                    d="M 0 0"
                    data-z-index="7"
                    fill="none"
                    stroke="#333333"
                    stroke-width="0"
                  />
                </g>
                <g
                  class="highcharts-series-group"
                  data-z-index="3"
                  filter="none"
                >
                  <g
                    class="highcharts-series highcharts-series-0 highcharts-column-series highcharts-tracker"
                    clip-path="url(#highcharts-128-)"
                    data-z-index="0.1"
                    opacity="1"
                    transform="translate(NaN,44) scale(1 0.001)"
                  />
                  <g
                    class="highcharts-markers highcharts-series-0 highcharts-column-series"
                    clip-path="none"
                    data-z-index="0.1"
                    opacity="1"
                    transform="translate(NaN,44) scale(1 1)"
                  />
                  <g
                    class="highcharts-series highcharts-series-1 highcharts-column-series highcharts-tracker"
                    clip-path="url(#highcharts-128-)"
                    data-z-index="0.1"
                    opacity="1"
                    transform="translate(NaN,44) scale(1 0.001)"
                  />
                  <g
                    class="highcharts-markers highcharts-series-1 highcharts-column-series"
                    clip-path="none"
                    data-z-index="0.1"
                    opacity="1"
                    transform="translate(NaN,44) scale(1 1)"
                  />
                </g>
                <text
                  class="highcharts-caption"
                  data-z-index="4"
                  style="color: rgb(102, 102, 102); font-size: 0.8em; fill: #666666;"
                  text-anchor="start"
                  x="0"
                  y="402"
                />
                <g
                  class="highcharts-axis-labels highcharts-xaxis-labels"
                  data-z-index="7"
                >
                  <text
                    style="cursor: default; font-family: var(--a-font-family); fill: var(--a-grayalpha-700);"
                    text-anchor="middle"
                    transform="translate(0,0)"
                    x="0"
                  >
                    64
                  </text>
                  <text
                    style="cursor: default; font-family: var(--a-font-family); fill: var(--a-grayalpha-700);"
                    text-anchor="middle"
                    transform="translate(0,0)"
                    x="0"
                  >
                    65
                  </text>
                  <text
                    style="cursor: default; font-family: var(--a-font-family); fill: var(--a-grayalpha-700);"
                    text-anchor="middle"
                    transform="translate(0,0)"
                    x="0"
                  >
                    66
                  </text>
                  <text
                    style="cursor: default; font-family: var(--a-font-family); fill: var(--a-grayalpha-700);"
                    text-anchor="middle"
                    transform="translate(0,0)"
                    x="0"
                  >
                    67
                  </text>
                  <text
                    style="cursor: default; font-family: var(--a-font-family); fill: var(--a-grayalpha-700);"
                    text-anchor="middle"
                    transform="translate(0,0)"
                    x="0"
                  >
                    68
                  </text>
                  <text
                    style="cursor: default; font-family: var(--a-font-family); fill: var(--a-grayalpha-700);"
                    text-anchor="middle"
                    transform="translate(0,0)"
                    x="0"
                  >
                    69
                  </text>
                  <text
                    style="cursor: default; font-family: var(--a-font-family); fill: var(--a-grayalpha-700);"
                    text-anchor="middle"
                    transform="translate(0,0)"
                    x="0"
                  >
                    70
                  </text>
                  <text
                    style="cursor: default; font-family: var(--a-font-family); fill: var(--a-grayalpha-700);"
                    text-anchor="middle"
                    transform="translate(0,0)"
                    x="0"
                  >
                    71
                  </text>
                  <text
                    style="cursor: default; font-family: var(--a-font-family); fill: var(--a-grayalpha-700);"
                    text-anchor="middle"
                    transform="translate(0,0)"
                    x="0"
                  >
                    72
                  </text>
                  <text
                    style="cursor: default; font-family: var(--a-font-family); fill: var(--a-grayalpha-700);"
                    text-anchor="middle"
                    transform="translate(0,0)"
                    x="0"
                  >
                    73
                  </text>
                  <text
                    style="cursor: default; font-family: var(--a-font-family); fill: var(--a-grayalpha-700);"
                    text-anchor="middle"
                    transform="translate(0,0)"
                    x="0"
                  >
                    74
                  </text>
                  <text
                    style="cursor: default; font-family: var(--a-font-family); fill: var(--a-grayalpha-700);"
                    text-anchor="middle"
                    transform="translate(0,0)"
                    x="0"
                  >
                    75
                  </text>
                  <text
                    style="cursor: default; font-family: var(--a-font-family); fill: var(--a-grayalpha-700);"
                    text-anchor="middle"
                    transform="translate(0,0)"
                    x="0"
                  >
                    76
                  </text>
                  <text
                    style="cursor: default; font-family: var(--a-font-family); fill: var(--a-grayalpha-700);"
                    text-anchor="middle"
                    transform="translate(0,0)"
                    x="0"
                  >
                    77
                  </text>
                  <text
                    style="cursor: default; font-family: var(--a-font-family); fill: var(--a-grayalpha-700);"
                    text-anchor="middle"
                    transform="translate(0,0)"
                    x="0"
                  >
                    77+
                  </text>
                </g>
                <g
                  class="highcharts-axis-labels highcharts-yaxis-labels"
                  data-z-index="7"
                />
              </svg>
              <div
                class="highcharts-axis-labels highcharts-yaxis-labels"
                style="position: absolute; left: 0px; top: 0px; opacity: 1;"
              >
                <span
                  style="position: absolute; font-family: var(--a-font-family); font-size: 1rem; white-space: nowrap; margin-left: 0px; margin-top: 0px; left: 0px; top: -3px; cursor: default; background-color: transparent; text-overflow: clip;"
                >
                  0
                </span>
                <span
                  style="position: absolute; font-family: var(--a-font-family); font-size: 1rem; white-space: nowrap; margin-left: 0px; margin-top: 0px; left: 0px; top: -3px; cursor: default; background-color: transparent; text-overflow: clip;"
                >
                  200
                </span>
                <span
                  style="position: absolute; font-family: var(--a-font-family); font-size: 1rem; white-space: nowrap; margin-left: 0px; margin-top: 0px; left: 0px; top: -3px; cursor: default; background-color: transparent; text-overflow: clip;"
                >
                  400
                </span>
                <span
                  style="position: absolute; font-family: var(--a-font-family); font-size: 1rem; white-space: nowrap; margin-left: 0px; margin-top: 0px; left: 0px; top: -3px; cursor: default; background-color: transparent; text-overflow: clip;"
                >
                  600
                </span>
                <span
                  style="position: absolute; font-family: var(--a-font-family); font-size: 1rem; white-space: nowrap; margin-left: 0px; margin-top: 0px; left: 0px; top: -3px; cursor: default; background-color: transparent; text-overflow: clip;"
                >
                  800
                </span>
              </div>
            </div>
          </div>
        </div>
      </div>
    </div>
    <div
      class="_buttonRow_ccee9c"
    >
      <div
        class="_buttonRowElement_ccee9c"
      />
      <div
        class="_buttonRowElement_ccee9c _buttonRowElement__Right_ccee9c"
      />
    </div>
    <div
      class="navds-read-more navds-read-more--medium _visTabell_15ff36"
    >
      <button
        aria-expanded="false"
        class="navds-read-more__button navds-body-short"
        data-testid="readmore"
        type="button"
      >
        <svg
          aria-hidden="true"
          class="navds-read-more__expand-icon"
          fill="none"
          focusable="false"
          height="1em"
          role="img"
          viewBox="0 0 24 24"
          width="1em"
          xmlns="http://www.w3.org/2000/svg"
        >
          <path
            clip-rule="evenodd"
            d="M5.97 9.47a.75.75 0 0 1 1.06 0L12 14.44l4.97-4.97a.75.75 0 1 1 1.06 1.06l-5.5 5.5a.75.75 0 0 1-1.06 0l-5.5-5.5a.75.75 0 0 1 0-1.06Z"
            fill="currentColor"
            fill-rule="evenodd"
          />
        </svg>
        <span>
          Vis tabell av beregningen
        </span>
      </button>
      <div
        aria-hidden="true"
        class="navds-read-more__content navds-read-more__content--closed navds-body-long navds-body-long--medium"
      >
        <table
          aria-live="polite"
          class="navds-table navds-table--medium _table_15ff36"
        >
          <thead
            class="navds-table__header"
          >
            <tr
              class="navds-table__row navds-table__row--shade-on-hover"
            >
              <th
                class="navds-table__header-cell navds-label _tableMobileOnly_15ff36"
              />
              <th
                class="navds-table__header-cell navds-label"
                scope="col"
              >
                Alder
              </th>
              <th
                class="navds-table__header-cell navds-label _detailsItemRight_15ff36"
                scope="col"
              >
                Sum
                <span
                  class="_tableMobileOnly_15ff36"
                >
                   (kr)
                </span>
              </th>
              <th
                class="navds-table__header-cell navds-label _detailsItemRight_15ff36 _tableDesktopOnly_15ff36"
                scope="col"
              >
                Inntekt
                <br />
                (lønn m.m.)
              </th>
              <th
                class="navds-table__header-cell navds-label _detailsItemRight_15ff36 _tableDesktopOnly_15ff36"
                scope="col"
              >
                Avtalefestet pensjon (AFP)
              </th>
              <th
                class="navds-table__header-cell navds-label _detailsItemRight_15ff36 _tableDesktopOnly_15ff36"
                scope="col"
              >
                Pensjonsavtaler (arbeidsgiver)
              </th>
              <th
                class="navds-table__header-cell navds-label _detailsItemRight_15ff36 _tableDesktopOnly_15ff36"
                scope="col"
              >
                Alderspensjon (NAV)
              </th>
            </tr>
          </thead>
          <tbody
            class="navds-table__body _tableMobileOnly_15ff36"
          >
            <tr
              class="navds-table__row navds-table__expandable-row navds-table__expandable-row--clickable navds-table__row--shade-on-hover"
            >
              <td
                class="navds-table__data-cell navds-table__toggle-expand-cell navds-body-short navds-body-short--medium"
              >
                <button
                  aria-controls="r11"
                  aria-expanded="false"
                  class="navds-table__toggle-expand-button"
                  type="button"
                >
                  <svg
                    aria-labelledby="title-r12"
                    class="navds-table__expandable-icon"
                    fill="none"
                    focusable="false"
                    height="1em"
                    role="img"
                    viewBox="0 0 24 24"
                    width="1em"
                    xmlns="http://www.w3.org/2000/svg"
                  >
                    <title
                      id="title-r12"
                    >
                      Vis mer
                    </title>
                    <path
                      clip-rule="evenodd"
                      d="M5.97 9.47a.75.75 0 0 1 1.06 0L12 14.44l4.97-4.97a.75.75 0 1 1 1.06 1.06l-5.5 5.5a.75.75 0 0 1-1.06 0l-5.5-5.5a.75.75 0 0 1 0-1.06Z"
                      fill="currentColor"
                      fill-rule="evenodd"
                    />
                  </svg>
                </button>
              </td>
              <td
                class="navds-table__data-cell navds-body-short navds-body-short--medium"
              >
                64 år
              </td>
              <td
                class="navds-table__data-cell _detailsItemRight_15ff36 navds-body-short navds-body-short--medium"
              >
                650 000
              </td>
            </tr>
            <tr
              aria-hidden="true"
              class="navds-table__expanded-row"
              id="r11"
            >
              <td
                class="navds-table__expanded-row-cell"
                colspan="999"
              >
                <div
                  class="navds-table__expanded-row-collapse"
                  style="height: 0px; overflow: hidden;"
                >
                  <div
                    aria-hidden="true"
                    class="navds-table__expanded-row-content"
                    style="display: none;"
                  >
                    <dl
                      class="_details_15ff36"
                    >
                      <dt>
                        Inntekt (lønn m.m.)
                      </dt>
                      <dd
                        class="_detailsItemRight_15ff36"
                      >
                        650 000
                      </dd>
                      <dt>
                        Alderspensjon (NAV)
                      </dt>
                      <dd
                        class="_detailsItemRight_15ff36"
                      >
                        0
                      </dd>
                    </dl>
                  </div>
                </div>
              </td>
            </tr>
            <tr
              class="navds-table__row navds-table__expandable-row navds-table__expandable-row--clickable navds-table__row--shade-on-hover"
            >
              <td
                class="navds-table__data-cell navds-table__toggle-expand-cell navds-body-short navds-body-short--medium"
              >
                <button
                  aria-controls="r13"
                  aria-expanded="false"
                  class="navds-table__toggle-expand-button"
                  type="button"
                >
                  <svg
                    aria-labelledby="title-r14"
                    class="navds-table__expandable-icon"
                    fill="none"
                    focusable="false"
                    height="1em"
                    role="img"
                    viewBox="0 0 24 24"
                    width="1em"
                    xmlns="http://www.w3.org/2000/svg"
                  >
                    <title
                      id="title-r14"
                    >
                      Vis mer
                    </title>
                    <path
                      clip-rule="evenodd"
                      d="M5.97 9.47a.75.75 0 0 1 1.06 0L12 14.44l4.97-4.97a.75.75 0 1 1 1.06 1.06l-5.5 5.5a.75.75 0 0 1-1.06 0l-5.5-5.5a.75.75 0 0 1 0-1.06Z"
                      fill="currentColor"
                      fill-rule="evenodd"
                    />
                  </svg>
                </button>
              </td>
              <td
                class="navds-table__data-cell navds-body-short navds-body-short--medium"
              >
                65 år
              </td>
              <td
                class="navds-table__data-cell _detailsItemRight_15ff36 navds-body-short navds-body-short--medium"
              >
                494 518
              </td>
            </tr>
            <tr
              aria-hidden="true"
              class="navds-table__expanded-row"
              id="r13"
            >
              <td
                class="navds-table__expanded-row-cell"
                colspan="999"
              >
                <div
                  class="navds-table__expanded-row-collapse"
                  style="height: 0px; overflow: hidden;"
                >
                  <div
                    aria-hidden="true"
                    class="navds-table__expanded-row-content"
                    style="display: none;"
                  >
                    <dl
                      class="_details_15ff36"
                    >
                      <dt>
                        Inntekt (lønn m.m.)
                      </dt>
                      <dd
                        class="_detailsItemRight_15ff36"
                      >
                        260 000
                      </dd>
                      <dt>
                        Alderspensjon (NAV)
                      </dt>
                      <dd
                        class="_detailsItemRight_15ff36"
                      >
                        234 518
                      </dd>
                    </dl>
                  </div>
                </div>
              </td>
            </tr>
            <tr
              class="navds-table__row navds-table__expandable-row navds-table__expandable-row--clickable navds-table__row--shade-on-hover"
            >
              <td
                class="navds-table__data-cell navds-table__toggle-expand-cell navds-body-short navds-body-short--medium"
              >
                <button
                  aria-controls="r15"
                  aria-expanded="false"
                  class="navds-table__toggle-expand-button"
                  type="button"
                >
                  <svg
                    aria-labelledby="title-r16"
                    class="navds-table__expandable-icon"
                    fill="none"
                    focusable="false"
                    height="1em"
                    role="img"
                    viewBox="0 0 24 24"
                    width="1em"
                    xmlns="http://www.w3.org/2000/svg"
                  >
                    <title
                      id="title-r16"
                    >
                      Vis mer
                    </title>
                    <path
                      clip-rule="evenodd"
                      d="M5.97 9.47a.75.75 0 0 1 1.06 0L12 14.44l4.97-4.97a.75.75 0 1 1 1.06 1.06l-5.5 5.5a.75.75 0 0 1-1.06 0l-5.5-5.5a.75.75 0 0 1 0-1.06Z"
                      fill="currentColor"
                      fill-rule="evenodd"
                    />
                  </svg>
                </button>
              </td>
              <td
                class="navds-table__data-cell navds-body-short navds-body-short--medium"
              >
                66 år
              </td>
              <td
                class="navds-table__data-cell _detailsItemRight_15ff36 navds-body-short navds-body-short--medium"
              >
                234 722
              </td>
            </tr>
            <tr
              aria-hidden="true"
              class="navds-table__expanded-row"
              id="r15"
            >
              <td
                class="navds-table__expanded-row-cell"
                colspan="999"
              >
                <div
                  class="navds-table__expanded-row-collapse"
                  style="height: 0px; overflow: hidden;"
                >
                  <div
                    aria-hidden="true"
                    class="navds-table__expanded-row-content"
                    style="display: none;"
                  >
                    <dl
                      class="_details_15ff36"
                    >
                      <dt>
                        Inntekt (lønn m.m.)
                      </dt>
                      <dd
                        class="_detailsItemRight_15ff36"
                      >
                        0
                      </dd>
                      <dt>
                        Alderspensjon (NAV)
                      </dt>
                      <dd
                        class="_detailsItemRight_15ff36"
                      >
                        234 722
                      </dd>
                    </dl>
                  </div>
                </div>
              </td>
            </tr>
            <tr
              class="navds-table__row navds-table__expandable-row navds-table__expandable-row--clickable navds-table__row--shade-on-hover"
            >
              <td
                class="navds-table__data-cell navds-table__toggle-expand-cell navds-body-short navds-body-short--medium"
              >
                <button
                  aria-controls="r17"
                  aria-expanded="false"
                  class="navds-table__toggle-expand-button"
                  type="button"
                >
                  <svg
                    aria-labelledby="title-r18"
                    class="navds-table__expandable-icon"
                    fill="none"
                    focusable="false"
                    height="1em"
                    role="img"
                    viewBox="0 0 24 24"
                    width="1em"
                    xmlns="http://www.w3.org/2000/svg"
                  >
                    <title
                      id="title-r18"
                    >
                      Vis mer
                    </title>
                    <path
                      clip-rule="evenodd"
                      d="M5.97 9.47a.75.75 0 0 1 1.06 0L12 14.44l4.97-4.97a.75.75 0 1 1 1.06 1.06l-5.5 5.5a.75.75 0 0 1-1.06 0l-5.5-5.5a.75.75 0 0 1 0-1.06Z"
                      fill="currentColor"
                      fill-rule="evenodd"
                    />
                  </svg>
                </button>
              </td>
              <td
                class="navds-table__data-cell navds-body-short navds-body-short--medium"
              >
                67 år
              </td>
              <td
                class="navds-table__data-cell _detailsItemRight_15ff36 navds-body-short navds-body-short--medium"
              >
                234 756
              </td>
            </tr>
            <tr
              aria-hidden="true"
              class="navds-table__expanded-row"
              id="r17"
            >
              <td
                class="navds-table__expanded-row-cell"
                colspan="999"
              >
                <div
                  class="navds-table__expanded-row-collapse"
                  style="height: 0px; overflow: hidden;"
                >
                  <div
                    aria-hidden="true"
                    class="navds-table__expanded-row-content"
                    style="display: none;"
                  >
                    <dl
                      class="_details_15ff36"
                    >
                      <dt>
                        Inntekt (lønn m.m.)
                      </dt>
                      <dd
                        class="_detailsItemRight_15ff36"
                      >
                        0
                      </dd>
                      <dt>
                        Alderspensjon (NAV)
                      </dt>
                      <dd
                        class="_detailsItemRight_15ff36"
                      >
                        234 756
                      </dd>
                    </dl>
                  </div>
                </div>
              </td>
            </tr>
            <tr
              class="navds-table__row navds-table__expandable-row navds-table__expandable-row--clickable navds-table__row--shade-on-hover"
            >
              <td
                class="navds-table__data-cell navds-table__toggle-expand-cell navds-body-short navds-body-short--medium"
              >
                <button
                  aria-controls="r19"
                  aria-expanded="false"
                  class="navds-table__toggle-expand-button"
                  type="button"
                >
                  <svg
                    aria-labelledby="title-r1a"
                    class="navds-table__expandable-icon"
                    fill="none"
                    focusable="false"
                    height="1em"
                    role="img"
                    viewBox="0 0 24 24"
                    width="1em"
                    xmlns="http://www.w3.org/2000/svg"
                  >
                    <title
                      id="title-r1a"
                    >
                      Vis mer
                    </title>
                    <path
                      clip-rule="evenodd"
                      d="M5.97 9.47a.75.75 0 0 1 1.06 0L12 14.44l4.97-4.97a.75.75 0 1 1 1.06 1.06l-5.5 5.5a.75.75 0 0 1-1.06 0l-5.5-5.5a.75.75 0 0 1 0-1.06Z"
                      fill="currentColor"
                      fill-rule="evenodd"
                    />
                  </svg>
                </button>
              </td>
              <td
                class="navds-table__data-cell navds-body-short navds-body-short--medium"
              >
                68 år
              </td>
              <td
                class="navds-table__data-cell _detailsItemRight_15ff36 navds-body-short navds-body-short--medium"
              >
                234 756
              </td>
            </tr>
            <tr
              aria-hidden="true"
              class="navds-table__expanded-row"
              id="r19"
            >
              <td
                class="navds-table__expanded-row-cell"
                colspan="999"
              >
                <div
                  class="navds-table__expanded-row-collapse"
                  style="height: 0px; overflow: hidden;"
                >
                  <div
                    aria-hidden="true"
                    class="navds-table__expanded-row-content"
                    style="display: none;"
                  >
                    <dl
                      class="_details_15ff36"
                    >
                      <dt>
                        Inntekt (lønn m.m.)
                      </dt>
                      <dd
                        class="_detailsItemRight_15ff36"
                      >
                        0
                      </dd>
                      <dt>
                        Alderspensjon (NAV)
                      </dt>
                      <dd
                        class="_detailsItemRight_15ff36"
                      >
                        234 756
                      </dd>
                    </dl>
                  </div>
                </div>
              </td>
            </tr>
            <tr
              class="navds-table__row navds-table__expandable-row navds-table__expandable-row--clickable navds-table__row--shade-on-hover"
            >
              <td
                class="navds-table__data-cell navds-table__toggle-expand-cell navds-body-short navds-body-short--medium"
              >
                <button
                  aria-controls="r1b"
                  aria-expanded="false"
                  class="navds-table__toggle-expand-button"
                  type="button"
                >
                  <svg
                    aria-labelledby="title-r1c"
                    class="navds-table__expandable-icon"
                    fill="none"
                    focusable="false"
                    height="1em"
                    role="img"
                    viewBox="0 0 24 24"
                    width="1em"
                    xmlns="http://www.w3.org/2000/svg"
                  >
                    <title
                      id="title-r1c"
                    >
                      Vis mer
                    </title>
                    <path
                      clip-rule="evenodd"
                      d="M5.97 9.47a.75.75 0 0 1 1.06 0L12 14.44l4.97-4.97a.75.75 0 1 1 1.06 1.06l-5.5 5.5a.75.75 0 0 1-1.06 0l-5.5-5.5a.75.75 0 0 1 0-1.06Z"
                      fill="currentColor"
                      fill-rule="evenodd"
                    />
                  </svg>
                </button>
              </td>
              <td
                class="navds-table__data-cell navds-body-short navds-body-short--medium"
              >
                69 år
              </td>
              <td
                class="navds-table__data-cell _detailsItemRight_15ff36 navds-body-short navds-body-short--medium"
              >
                234 756
              </td>
            </tr>
            <tr
              aria-hidden="true"
              class="navds-table__expanded-row"
              id="r1b"
            >
              <td
                class="navds-table__expanded-row-cell"
                colspan="999"
              >
                <div
                  class="navds-table__expanded-row-collapse"
                  style="height: 0px; overflow: hidden;"
                >
                  <div
                    aria-hidden="true"
                    class="navds-table__expanded-row-content"
                    style="display: none;"
                  >
                    <dl
                      class="_details_15ff36"
                    >
                      <dt>
                        Inntekt (lønn m.m.)
                      </dt>
                      <dd
                        class="_detailsItemRight_15ff36"
                      >
                        0
                      </dd>
                      <dt>
                        Alderspensjon (NAV)
                      </dt>
                      <dd
                        class="_detailsItemRight_15ff36"
                      >
                        234 756
                      </dd>
                    </dl>
                  </div>
                </div>
              </td>
            </tr>
            <tr
              class="navds-table__row navds-table__expandable-row navds-table__expandable-row--clickable navds-table__row--shade-on-hover"
            >
              <td
                class="navds-table__data-cell navds-table__toggle-expand-cell navds-body-short navds-body-short--medium"
              >
                <button
                  aria-controls="r1d"
                  aria-expanded="false"
                  class="navds-table__toggle-expand-button"
                  type="button"
                >
                  <svg
                    aria-labelledby="title-r1e"
                    class="navds-table__expandable-icon"
                    fill="none"
                    focusable="false"
                    height="1em"
                    role="img"
                    viewBox="0 0 24 24"
                    width="1em"
                    xmlns="http://www.w3.org/2000/svg"
                  >
                    <title
                      id="title-r1e"
                    >
                      Vis mer
                    </title>
                    <path
                      clip-rule="evenodd"
                      d="M5.97 9.47a.75.75 0 0 1 1.06 0L12 14.44l4.97-4.97a.75.75 0 1 1 1.06 1.06l-5.5 5.5a.75.75 0 0 1-1.06 0l-5.5-5.5a.75.75 0 0 1 0-1.06Z"
                      fill="currentColor"
                      fill-rule="evenodd"
                    />
                  </svg>
                </button>
              </td>
              <td
                class="navds-table__data-cell navds-body-short navds-body-short--medium"
              >
                70 år
              </td>
              <td
                class="navds-table__data-cell _detailsItemRight_15ff36 navds-body-short navds-body-short--medium"
              >
                234 756
              </td>
            </tr>
            <tr
              aria-hidden="true"
              class="navds-table__expanded-row"
              id="r1d"
            >
              <td
                class="navds-table__expanded-row-cell"
                colspan="999"
              >
                <div
                  class="navds-table__expanded-row-collapse"
                  style="height: 0px; overflow: hidden;"
                >
                  <div
                    aria-hidden="true"
                    class="navds-table__expanded-row-content"
                    style="display: none;"
                  >
                    <dl
                      class="_details_15ff36"
                    >
                      <dt>
                        Inntekt (lønn m.m.)
                      </dt>
                      <dd
                        class="_detailsItemRight_15ff36"
                      >
                        0
                      </dd>
                      <dt>
                        Alderspensjon (NAV)
                      </dt>
                      <dd
                        class="_detailsItemRight_15ff36"
                      >
                        234 756
                      </dd>
                    </dl>
                  </div>
                </div>
              </td>
            </tr>
            <tr
              class="navds-table__row navds-table__expandable-row navds-table__expandable-row--clickable navds-table__row--shade-on-hover"
            >
              <td
                class="navds-table__data-cell navds-table__toggle-expand-cell navds-body-short navds-body-short--medium"
              >
                <button
                  aria-controls="r1f"
                  aria-expanded="false"
                  class="navds-table__toggle-expand-button"
                  type="button"
                >
                  <svg
                    aria-labelledby="title-r1g"
                    class="navds-table__expandable-icon"
                    fill="none"
                    focusable="false"
                    height="1em"
                    role="img"
                    viewBox="0 0 24 24"
                    width="1em"
                    xmlns="http://www.w3.org/2000/svg"
                  >
                    <title
                      id="title-r1g"
                    >
                      Vis mer
                    </title>
                    <path
                      clip-rule="evenodd"
                      d="M5.97 9.47a.75.75 0 0 1 1.06 0L12 14.44l4.97-4.97a.75.75 0 1 1 1.06 1.06l-5.5 5.5a.75.75 0 0 1-1.06 0l-5.5-5.5a.75.75 0 0 1 0-1.06Z"
                      fill="currentColor"
                      fill-rule="evenodd"
                    />
                  </svg>
                </button>
              </td>
              <td
                class="navds-table__data-cell navds-body-short navds-body-short--medium"
              >
                71 år
              </td>
              <td
                class="navds-table__data-cell _detailsItemRight_15ff36 navds-body-short navds-body-short--medium"
              >
                234 756
              </td>
            </tr>
            <tr
              aria-hidden="true"
              class="navds-table__expanded-row"
              id="r1f"
            >
              <td
                class="navds-table__expanded-row-cell"
                colspan="999"
              >
                <div
                  class="navds-table__expanded-row-collapse"
                  style="height: 0px; overflow: hidden;"
                >
                  <div
                    aria-hidden="true"
                    class="navds-table__expanded-row-content"
                    style="display: none;"
                  >
                    <dl
                      class="_details_15ff36"
                    >
                      <dt>
                        Inntekt (lønn m.m.)
                      </dt>
                      <dd
                        class="_detailsItemRight_15ff36"
                      >
                        0
                      </dd>
                      <dt>
                        Alderspensjon (NAV)
                      </dt>
                      <dd
                        class="_detailsItemRight_15ff36"
                      >
                        234 756
                      </dd>
                    </dl>
                  </div>
                </div>
              </td>
            </tr>
            <tr
              class="navds-table__row navds-table__expandable-row navds-table__expandable-row--clickable navds-table__row--shade-on-hover"
            >
              <td
                class="navds-table__data-cell navds-table__toggle-expand-cell navds-body-short navds-body-short--medium"
              >
                <button
                  aria-controls="r1h"
                  aria-expanded="false"
                  class="navds-table__toggle-expand-button"
                  type="button"
                >
                  <svg
                    aria-labelledby="title-r1i"
                    class="navds-table__expandable-icon"
                    fill="none"
                    focusable="false"
                    height="1em"
                    role="img"
                    viewBox="0 0 24 24"
                    width="1em"
                    xmlns="http://www.w3.org/2000/svg"
                  >
                    <title
                      id="title-r1i"
                    >
                      Vis mer
                    </title>
                    <path
                      clip-rule="evenodd"
                      d="M5.97 9.47a.75.75 0 0 1 1.06 0L12 14.44l4.97-4.97a.75.75 0 1 1 1.06 1.06l-5.5 5.5a.75.75 0 0 1-1.06 0l-5.5-5.5a.75.75 0 0 1 0-1.06Z"
                      fill="currentColor"
                      fill-rule="evenodd"
                    />
                  </svg>
                </button>
              </td>
              <td
                class="navds-table__data-cell navds-body-short navds-body-short--medium"
              >
                72 år
              </td>
              <td
                class="navds-table__data-cell _detailsItemRight_15ff36 navds-body-short navds-body-short--medium"
              >
                234 756
              </td>
            </tr>
            <tr
              aria-hidden="true"
              class="navds-table__expanded-row"
              id="r1h"
            >
              <td
                class="navds-table__expanded-row-cell"
                colspan="999"
              >
                <div
                  class="navds-table__expanded-row-collapse"
                  style="height: 0px; overflow: hidden;"
                >
                  <div
                    aria-hidden="true"
                    class="navds-table__expanded-row-content"
                    style="display: none;"
                  >
                    <dl
                      class="_details_15ff36"
                    >
                      <dt>
                        Inntekt (lønn m.m.)
                      </dt>
                      <dd
                        class="_detailsItemRight_15ff36"
                      >
                        0
                      </dd>
                      <dt>
                        Alderspensjon (NAV)
                      </dt>
                      <dd
                        class="_detailsItemRight_15ff36"
                      >
                        234 756
                      </dd>
                    </dl>
                  </div>
                </div>
              </td>
            </tr>
            <tr
              class="navds-table__row navds-table__expandable-row navds-table__expandable-row--clickable navds-table__row--shade-on-hover"
            >
              <td
                class="navds-table__data-cell navds-table__toggle-expand-cell navds-body-short navds-body-short--medium"
              >
                <button
                  aria-controls="r1j"
                  aria-expanded="false"
                  class="navds-table__toggle-expand-button"
                  type="button"
                >
                  <svg
                    aria-labelledby="title-r1k"
                    class="navds-table__expandable-icon"
                    fill="none"
                    focusable="false"
                    height="1em"
                    role="img"
                    viewBox="0 0 24 24"
                    width="1em"
                    xmlns="http://www.w3.org/2000/svg"
                  >
                    <title
                      id="title-r1k"
                    >
                      Vis mer
                    </title>
                    <path
                      clip-rule="evenodd"
                      d="M5.97 9.47a.75.75 0 0 1 1.06 0L12 14.44l4.97-4.97a.75.75 0 1 1 1.06 1.06l-5.5 5.5a.75.75 0 0 1-1.06 0l-5.5-5.5a.75.75 0 0 1 0-1.06Z"
                      fill="currentColor"
                      fill-rule="evenodd"
                    />
                  </svg>
                </button>
              </td>
              <td
                class="navds-table__data-cell navds-body-short navds-body-short--medium"
              >
                73 år
              </td>
              <td
                class="navds-table__data-cell _detailsItemRight_15ff36 navds-body-short navds-body-short--medium"
              >
                234 756
              </td>
            </tr>
            <tr
              aria-hidden="true"
              class="navds-table__expanded-row"
              id="r1j"
            >
              <td
                class="navds-table__expanded-row-cell"
                colspan="999"
              >
                <div
                  class="navds-table__expanded-row-collapse"
                  style="height: 0px; overflow: hidden;"
                >
                  <div
                    aria-hidden="true"
                    class="navds-table__expanded-row-content"
                    style="display: none;"
                  >
                    <dl
                      class="_details_15ff36"
                    >
                      <dt>
                        Inntekt (lønn m.m.)
                      </dt>
                      <dd
                        class="_detailsItemRight_15ff36"
                      >
                        0
                      </dd>
                      <dt>
                        Alderspensjon (NAV)
                      </dt>
                      <dd
                        class="_detailsItemRight_15ff36"
                      >
                        234 756
                      </dd>
                    </dl>
                  </div>
                </div>
              </td>
            </tr>
            <tr
              class="navds-table__row navds-table__expandable-row navds-table__expandable-row--clickable navds-table__row--shade-on-hover"
            >
              <td
                class="navds-table__data-cell navds-table__toggle-expand-cell navds-body-short navds-body-short--medium"
              >
                <button
                  aria-controls="r1l"
                  aria-expanded="false"
                  class="navds-table__toggle-expand-button"
                  type="button"
                >
                  <svg
                    aria-labelledby="title-r1m"
                    class="navds-table__expandable-icon"
                    fill="none"
                    focusable="false"
                    height="1em"
                    role="img"
                    viewBox="0 0 24 24"
                    width="1em"
                    xmlns="http://www.w3.org/2000/svg"
                  >
                    <title
                      id="title-r1m"
                    >
                      Vis mer
                    </title>
                    <path
                      clip-rule="evenodd"
                      d="M5.97 9.47a.75.75 0 0 1 1.06 0L12 14.44l4.97-4.97a.75.75 0 1 1 1.06 1.06l-5.5 5.5a.75.75 0 0 1-1.06 0l-5.5-5.5a.75.75 0 0 1 0-1.06Z"
                      fill="currentColor"
                      fill-rule="evenodd"
                    />
                  </svg>
                </button>
              </td>
              <td
                class="navds-table__data-cell navds-body-short navds-body-short--medium"
              >
                74 år
              </td>
              <td
                class="navds-table__data-cell _detailsItemRight_15ff36 navds-body-short navds-body-short--medium"
              >
                234 756
              </td>
            </tr>
            <tr
              aria-hidden="true"
              class="navds-table__expanded-row"
              id="r1l"
            >
              <td
                class="navds-table__expanded-row-cell"
                colspan="999"
              >
                <div
                  class="navds-table__expanded-row-collapse"
                  style="height: 0px; overflow: hidden;"
                >
                  <div
                    aria-hidden="true"
                    class="navds-table__expanded-row-content"
                    style="display: none;"
                  >
                    <dl
                      class="_details_15ff36"
                    >
                      <dt>
                        Inntekt (lønn m.m.)
                      </dt>
                      <dd
                        class="_detailsItemRight_15ff36"
                      >
                        0
                      </dd>
                      <dt>
                        Alderspensjon (NAV)
                      </dt>
                      <dd
                        class="_detailsItemRight_15ff36"
                      >
                        234 756
                      </dd>
                    </dl>
                  </div>
                </div>
              </td>
            </tr>
            <tr
              class="navds-table__row navds-table__expandable-row navds-table__expandable-row--clickable navds-table__row--shade-on-hover"
            >
              <td
                class="navds-table__data-cell navds-table__toggle-expand-cell navds-body-short navds-body-short--medium"
              >
                <button
                  aria-controls="r1n"
                  aria-expanded="false"
                  class="navds-table__toggle-expand-button"
                  type="button"
                >
                  <svg
                    aria-labelledby="title-r1o"
                    class="navds-table__expandable-icon"
                    fill="none"
                    focusable="false"
                    height="1em"
                    role="img"
                    viewBox="0 0 24 24"
                    width="1em"
                    xmlns="http://www.w3.org/2000/svg"
                  >
                    <title
                      id="title-r1o"
                    >
                      Vis mer
                    </title>
                    <path
                      clip-rule="evenodd"
                      d="M5.97 9.47a.75.75 0 0 1 1.06 0L12 14.44l4.97-4.97a.75.75 0 1 1 1.06 1.06l-5.5 5.5a.75.75 0 0 1-1.06 0l-5.5-5.5a.75.75 0 0 1 0-1.06Z"
                      fill="currentColor"
                      fill-rule="evenodd"
                    />
                  </svg>
                </button>
              </td>
              <td
                class="navds-table__data-cell navds-body-short navds-body-short--medium"
              >
                75 år
              </td>
              <td
                class="navds-table__data-cell _detailsItemRight_15ff36 navds-body-short navds-body-short--medium"
              >
                234 756
              </td>
            </tr>
            <tr
              aria-hidden="true"
              class="navds-table__expanded-row"
              id="r1n"
            >
              <td
                class="navds-table__expanded-row-cell"
                colspan="999"
              >
                <div
                  class="navds-table__expanded-row-collapse"
                  style="height: 0px; overflow: hidden;"
                >
                  <div
                    aria-hidden="true"
                    class="navds-table__expanded-row-content"
                    style="display: none;"
                  >
                    <dl
                      class="_details_15ff36"
                    >
                      <dt>
                        Inntekt (lønn m.m.)
                      </dt>
                      <dd
                        class="_detailsItemRight_15ff36"
                      >
                        0
                      </dd>
                      <dt>
                        Alderspensjon (NAV)
                      </dt>
                      <dd
                        class="_detailsItemRight_15ff36"
                      >
                        234 756
                      </dd>
                    </dl>
                  </div>
                </div>
              </td>
            </tr>
            <tr
              class="navds-table__row navds-table__expandable-row navds-table__expandable-row--clickable navds-table__row--shade-on-hover"
            >
              <td
                class="navds-table__data-cell navds-table__toggle-expand-cell navds-body-short navds-body-short--medium"
              >
                <button
                  aria-controls="r1p"
                  aria-expanded="false"
                  class="navds-table__toggle-expand-button"
                  type="button"
                >
                  <svg
                    aria-labelledby="title-r1q"
                    class="navds-table__expandable-icon"
                    fill="none"
                    focusable="false"
                    height="1em"
                    role="img"
                    viewBox="0 0 24 24"
                    width="1em"
                    xmlns="http://www.w3.org/2000/svg"
                  >
                    <title
                      id="title-r1q"
                    >
                      Vis mer
                    </title>
                    <path
                      clip-rule="evenodd"
                      d="M5.97 9.47a.75.75 0 0 1 1.06 0L12 14.44l4.97-4.97a.75.75 0 1 1 1.06 1.06l-5.5 5.5a.75.75 0 0 1-1.06 0l-5.5-5.5a.75.75 0 0 1 0-1.06Z"
                      fill="currentColor"
                      fill-rule="evenodd"
                    />
                  </svg>
                </button>
              </td>
              <td
                class="navds-table__data-cell navds-body-short navds-body-short--medium"
              >
                76 år
              </td>
              <td
                class="navds-table__data-cell _detailsItemRight_15ff36 navds-body-short navds-body-short--medium"
              >
                NaN
              </td>
            </tr>
            <tr
              aria-hidden="true"
              class="navds-table__expanded-row"
              id="r1p"
            >
              <td
                class="navds-table__expanded-row-cell"
                colspan="999"
              >
                <div
                  class="navds-table__expanded-row-collapse"
                  style="height: 0px; overflow: hidden;"
                >
                  <div
                    aria-hidden="true"
                    class="navds-table__expanded-row-content"
                    style="display: none;"
                  >
                    <dl
                      class="_details_15ff36"
                    >
                      <dt>
                        Inntekt (lønn m.m.)
                      </dt>
                      <dd
                        class="_detailsItemRight_15ff36"
                      >
                        0
                      </dd>
                      <dt>
                        Alderspensjon (NAV)
                      </dt>
                      <dd
                        class="_detailsItemRight_15ff36"
                      />
                    </dl>
                  </div>
                </div>
              </td>
            </tr>
            <tr
              class="navds-table__row navds-table__expandable-row navds-table__expandable-row--clickable navds-table__row--shade-on-hover"
            >
              <td
                class="navds-table__data-cell navds-table__toggle-expand-cell navds-body-short navds-body-short--medium"
              >
                <button
                  aria-controls="r1r"
                  aria-expanded="false"
                  class="navds-table__toggle-expand-button"
                  type="button"
                >
                  <svg
                    aria-labelledby="title-r1s"
                    class="navds-table__expandable-icon"
                    fill="none"
                    focusable="false"
                    height="1em"
                    role="img"
                    viewBox="0 0 24 24"
                    width="1em"
                    xmlns="http://www.w3.org/2000/svg"
                  >
                    <title
                      id="title-r1s"
                    >
                      Vis mer
                    </title>
                    <path
                      clip-rule="evenodd"
                      d="M5.97 9.47a.75.75 0 0 1 1.06 0L12 14.44l4.97-4.97a.75.75 0 1 1 1.06 1.06l-5.5 5.5a.75.75 0 0 1-1.06 0l-5.5-5.5a.75.75 0 0 1 0-1.06Z"
                      fill="currentColor"
                      fill-rule="evenodd"
                    />
                  </svg>
                </button>
              </td>
              <td
                class="navds-table__data-cell navds-body-short navds-body-short--medium"
              >
                77 år
              </td>
              <td
                class="navds-table__data-cell _detailsItemRight_15ff36 navds-body-short navds-body-short--medium"
              >
                NaN
              </td>
            </tr>
            <tr
              aria-hidden="true"
              class="navds-table__expanded-row"
              id="r1r"
            >
              <td
                class="navds-table__expanded-row-cell"
                colspan="999"
              >
                <div
                  class="navds-table__expanded-row-collapse"
                  style="height: 0px; overflow: hidden;"
                >
                  <div
                    aria-hidden="true"
                    class="navds-table__expanded-row-content"
                    style="display: none;"
                  >
                    <dl
                      class="_details_15ff36"
                    >
                      <dt>
                        Inntekt (lønn m.m.)
                      </dt>
                      <dd
                        class="_detailsItemRight_15ff36"
                      >
                        0
                      </dd>
                      <dt>
                        Alderspensjon (NAV)
                      </dt>
                      <dd
                        class="_detailsItemRight_15ff36"
                      />
                    </dl>
                  </div>
                </div>
              </td>
            </tr>
            <tr
              class="navds-table__row navds-table__expandable-row navds-table__expandable-row--clickable navds-table__row--shade-on-hover"
            >
              <td
                class="navds-table__data-cell navds-table__toggle-expand-cell navds-body-short navds-body-short--medium"
              >
                <button
                  aria-controls="r1t"
                  aria-expanded="false"
                  class="navds-table__toggle-expand-button"
                  type="button"
                >
                  <svg
                    aria-labelledby="title-r1u"
                    class="navds-table__expandable-icon"
                    fill="none"
                    focusable="false"
                    height="1em"
                    role="img"
                    viewBox="0 0 24 24"
                    width="1em"
                    xmlns="http://www.w3.org/2000/svg"
                  >
                    <title
                      id="title-r1u"
                    >
                      Vis mer
                    </title>
                    <path
                      clip-rule="evenodd"
                      d="M5.97 9.47a.75.75 0 0 1 1.06 0L12 14.44l4.97-4.97a.75.75 0 1 1 1.06 1.06l-5.5 5.5a.75.75 0 0 1-1.06 0l-5.5-5.5a.75.75 0 0 1 0-1.06Z"
                      fill="currentColor"
                      fill-rule="evenodd"
                    />
                  </svg>
                </button>
              </td>
              <td
                class="navds-table__data-cell navds-body-short navds-body-short--medium"
              >
                77+ (livsvarig)
              </td>
              <td
                class="navds-table__data-cell _detailsItemRight_15ff36 navds-body-short navds-body-short--medium"
              >
                NaN
              </td>
            </tr>
            <tr
              aria-hidden="true"
              class="navds-table__expanded-row"
              id="r1t"
            >
              <td
                class="navds-table__expanded-row-cell"
                colspan="999"
              >
                <div
                  class="navds-table__expanded-row-collapse"
                  style="height: 0px; overflow: hidden;"
                >
                  <div
                    aria-hidden="true"
                    class="navds-table__expanded-row-content"
                    style="display: none;"
                  >
                    <dl
                      class="_details_15ff36"
                    >
                      <dt>
                        Inntekt (lønn m.m.)
                      </dt>
                      <dd
                        class="_detailsItemRight_15ff36"
                      >
                        0
                      </dd>
                      <dt>
                        Alderspensjon (NAV)
                      </dt>
                      <dd
                        class="_detailsItemRight_15ff36"
                      />
                    </dl>
                  </div>
                </div>
              </td>
            </tr>
          </tbody>
          <tbody
            class="navds-table__body _tableDesktopOnly_15ff36"
          >
            <tr
              class="navds-table__row navds-table__row--shade-on-hover"
            >
              <td
                class="navds-table__data-cell navds-body-short navds-body-short--medium"
              >
                64 år
              </td>
              <td
                class="navds-table__data-cell _detailsItemRight_15ff36 _detailsItemBold_15ff36 navds-body-short navds-body-short--medium"
              >
                650 000 kr
              </td>
              <td
                class="navds-table__data-cell _detailsItemRight_15ff36 navds-body-short navds-body-short--medium"
              >
                650 000 kr
              </td>
              <td
                class="navds-table__data-cell _detailsItemRight_15ff36 navds-body-short navds-body-short--medium"
              />
            </tr>
            <tr
              class="navds-table__row navds-table__row--shade-on-hover"
            >
              <td
                class="navds-table__data-cell navds-body-short navds-body-short--medium"
              >
                65 år
              </td>
              <td
                class="navds-table__data-cell _detailsItemRight_15ff36 _detailsItemBold_15ff36 navds-body-short navds-body-short--medium"
              >
                494 518 kr
              </td>
              <td
                class="navds-table__data-cell _detailsItemRight_15ff36 navds-body-short navds-body-short--medium"
              >
                260 000 kr
              </td>
              <td
                class="navds-table__data-cell _detailsItemRight_15ff36 navds-body-short navds-body-short--medium"
              >
                234 518 kr
              </td>
            </tr>
            <tr
              class="navds-table__row navds-table__row--shade-on-hover"
            >
              <td
                class="navds-table__data-cell navds-body-short navds-body-short--medium"
              >
                66 år
              </td>
              <td
                class="navds-table__data-cell _detailsItemRight_15ff36 _detailsItemBold_15ff36 navds-body-short navds-body-short--medium"
              >
                234 722 kr
              </td>
              <td
                class="navds-table__data-cell _detailsItemRight_15ff36 navds-body-short navds-body-short--medium"
              />
              <td
                class="navds-table__data-cell _detailsItemRight_15ff36 navds-body-short navds-body-short--medium"
              >
                234 722 kr
              </td>
            </tr>
            <tr
              class="navds-table__row navds-table__row--shade-on-hover"
            >
              <td
                class="navds-table__data-cell navds-body-short navds-body-short--medium"
              >
                67 år
              </td>
              <td
                class="navds-table__data-cell _detailsItemRight_15ff36 _detailsItemBold_15ff36 navds-body-short navds-body-short--medium"
              >
                234 756 kr
              </td>
              <td
                class="navds-table__data-cell _detailsItemRight_15ff36 navds-body-short navds-body-short--medium"
              />
              <td
                class="navds-table__data-cell _detailsItemRight_15ff36 navds-body-short navds-body-short--medium"
              >
                234 756 kr
              </td>
            </tr>
            <tr
              class="navds-table__row navds-table__row--shade-on-hover"
            >
              <td
                class="navds-table__data-cell navds-body-short navds-body-short--medium"
              >
                68 år
              </td>
              <td
                class="navds-table__data-cell _detailsItemRight_15ff36 _detailsItemBold_15ff36 navds-body-short navds-body-short--medium"
              >
                234 756 kr
              </td>
              <td
                class="navds-table__data-cell _detailsItemRight_15ff36 navds-body-short navds-body-short--medium"
              />
              <td
                class="navds-table__data-cell _detailsItemRight_15ff36 navds-body-short navds-body-short--medium"
              >
                234 756 kr
              </td>
            </tr>
            <tr
              class="navds-table__row navds-table__row--shade-on-hover"
            >
              <td
                class="navds-table__data-cell navds-body-short navds-body-short--medium"
              >
                69 år
              </td>
              <td
                class="navds-table__data-cell _detailsItemRight_15ff36 _detailsItemBold_15ff36 navds-body-short navds-body-short--medium"
              >
                234 756 kr
              </td>
              <td
                class="navds-table__data-cell _detailsItemRight_15ff36 navds-body-short navds-body-short--medium"
              />
              <td
                class="navds-table__data-cell _detailsItemRight_15ff36 navds-body-short navds-body-short--medium"
              >
                234 756 kr
              </td>
            </tr>
            <tr
              class="navds-table__row navds-table__row--shade-on-hover"
            >
              <td
                class="navds-table__data-cell navds-body-short navds-body-short--medium"
              >
                70 år
              </td>
              <td
                class="navds-table__data-cell _detailsItemRight_15ff36 _detailsItemBold_15ff36 navds-body-short navds-body-short--medium"
              >
                234 756 kr
              </td>
              <td
                class="navds-table__data-cell _detailsItemRight_15ff36 navds-body-short navds-body-short--medium"
              />
              <td
                class="navds-table__data-cell _detailsItemRight_15ff36 navds-body-short navds-body-short--medium"
              >
                234 756 kr
              </td>
            </tr>
            <tr
              class="navds-table__row navds-table__row--shade-on-hover"
            >
              <td
                class="navds-table__data-cell navds-body-short navds-body-short--medium"
              >
                71 år
              </td>
              <td
                class="navds-table__data-cell _detailsItemRight_15ff36 _detailsItemBold_15ff36 navds-body-short navds-body-short--medium"
              >
                234 756 kr
              </td>
              <td
                class="navds-table__data-cell _detailsItemRight_15ff36 navds-body-short navds-body-short--medium"
              />
              <td
                class="navds-table__data-cell _detailsItemRight_15ff36 navds-body-short navds-body-short--medium"
              >
                234 756 kr
              </td>
            </tr>
            <tr
              class="navds-table__row navds-table__row--shade-on-hover"
            >
              <td
                class="navds-table__data-cell navds-body-short navds-body-short--medium"
              >
                72 år
              </td>
              <td
                class="navds-table__data-cell _detailsItemRight_15ff36 _detailsItemBold_15ff36 navds-body-short navds-body-short--medium"
              >
                234 756 kr
              </td>
              <td
                class="navds-table__data-cell _detailsItemRight_15ff36 navds-body-short navds-body-short--medium"
              />
              <td
                class="navds-table__data-cell _detailsItemRight_15ff36 navds-body-short navds-body-short--medium"
              >
                234 756 kr
              </td>
            </tr>
            <tr
              class="navds-table__row navds-table__row--shade-on-hover"
            >
              <td
                class="navds-table__data-cell navds-body-short navds-body-short--medium"
              >
                73 år
              </td>
              <td
                class="navds-table__data-cell _detailsItemRight_15ff36 _detailsItemBold_15ff36 navds-body-short navds-body-short--medium"
              >
                234 756 kr
              </td>
              <td
                class="navds-table__data-cell _detailsItemRight_15ff36 navds-body-short navds-body-short--medium"
              />
              <td
                class="navds-table__data-cell _detailsItemRight_15ff36 navds-body-short navds-body-short--medium"
              >
                234 756 kr
              </td>
            </tr>
            <tr
              class="navds-table__row navds-table__row--shade-on-hover"
            >
              <td
                class="navds-table__data-cell navds-body-short navds-body-short--medium"
              >
                74 år
              </td>
              <td
                class="navds-table__data-cell _detailsItemRight_15ff36 _detailsItemBold_15ff36 navds-body-short navds-body-short--medium"
              >
                234 756 kr
              </td>
              <td
                class="navds-table__data-cell _detailsItemRight_15ff36 navds-body-short navds-body-short--medium"
              />
              <td
                class="navds-table__data-cell _detailsItemRight_15ff36 navds-body-short navds-body-short--medium"
              >
                234 756 kr
              </td>
            </tr>
            <tr
              class="navds-table__row navds-table__row--shade-on-hover"
            >
              <td
                class="navds-table__data-cell navds-body-short navds-body-short--medium"
              >
                75 år
              </td>
              <td
                class="navds-table__data-cell _detailsItemRight_15ff36 _detailsItemBold_15ff36 navds-body-short navds-body-short--medium"
              >
                234 756 kr
              </td>
              <td
                class="navds-table__data-cell _detailsItemRight_15ff36 navds-body-short navds-body-short--medium"
              />
              <td
                class="navds-table__data-cell _detailsItemRight_15ff36 navds-body-short navds-body-short--medium"
              >
                234 756 kr
              </td>
            </tr>
            <tr
              class="navds-table__row navds-table__row--shade-on-hover"
            >
              <td
                class="navds-table__data-cell navds-body-short navds-body-short--medium"
              >
                76 år
              </td>
              <td
                class="navds-table__data-cell _detailsItemRight_15ff36 _detailsItemBold_15ff36 navds-body-short navds-body-short--medium"
              />
              <td
                class="navds-table__data-cell _detailsItemRight_15ff36 navds-body-short navds-body-short--medium"
              />
              <td
                class="navds-table__data-cell _detailsItemRight_15ff36 navds-body-short navds-body-short--medium"
              />
            </tr>
            <tr
              class="navds-table__row navds-table__row--shade-on-hover"
            >
              <td
                class="navds-table__data-cell navds-body-short navds-body-short--medium"
              >
                77 år
              </td>
              <td
                class="navds-table__data-cell _detailsItemRight_15ff36 _detailsItemBold_15ff36 navds-body-short navds-body-short--medium"
              />
              <td
                class="navds-table__data-cell _detailsItemRight_15ff36 navds-body-short navds-body-short--medium"
              />
              <td
                class="navds-table__data-cell _detailsItemRight_15ff36 navds-body-short navds-body-short--medium"
              />
            </tr>
            <tr
              class="navds-table__row navds-table__row--shade-on-hover"
            >
              <td
                class="navds-table__data-cell navds-body-short navds-body-short--medium"
              >
                77+ (livsvarig)
              </td>
              <td
                class="navds-table__data-cell _detailsItemRight_15ff36 _detailsItemBold_15ff36 navds-body-short navds-body-short--medium"
              />
              <td
                class="navds-table__data-cell _detailsItemRight_15ff36 navds-body-short navds-body-short--medium"
              />
              <td
                class="navds-table__data-cell _detailsItemRight_15ff36 navds-body-short navds-body-short--medium"
              />
            </tr>
          </tbody>
        </table>
      </div>
    </div>
  </section>
</DocumentFragment>
`;
