// Vitest Snapshot v1, https://vitest.dev/guide/snapshot.html

exports[`veileder - BorgerInformasjon > viser informasjon og fnr 1`] = `
<DocumentFragment>
  <div
    class="navds-box navds-box-bg navds-box-border-color navds-box-border-width"
    style="--__ac-box-background: var(--a-bg-default); --__ac-box-border-color: var(--a-border-divider); --__ac-box-border-width: 0px 0px 1px 0px;"
  >
    <div
      class="navds-stack _wrapper_f04f26 navds-hstack navds-stack-gap navds-stack-align navds-stack-direction navds-stack-wrap"
      style="--__ac-stack-gap-xs: var(--a-spacing-2); --__ac-stack-direction-xs: row; --__ac-stack-align-xs: center;"
    >
      <p
        class="navds-body-long navds-body-long--medium navds-typo--semibold"
      >
        <svg
          aria-labelledby="loader-«r0»"
          class="navds-loader navds-loader--medium navds-loader--neutral"
          focusable="false"
          preserveAspectRatio="xMidYMid"
          viewBox="0 0 50 50"
        >
          <title
            id="loader-«r0»"
          >
            Venter…
          </title>
          <circle
            class="navds-loader__background"
            cx="25"
            cy="25"
            fill="none"
            r="20"
            xmlns="http://www.w3.org/2000/svg"
          />
          <circle
            class="navds-loader__foreground"
            cx="25"
            cy="25"
            fill="none"
            r="20"
            stroke-dasharray="50 155"
          />
        </svg>
      </p>
      <span
        aria-hidden="true"
      >
        /
      </span>
      <div
        class="navds-stack navds-hstack navds-stack-gap navds-stack-align navds-stack-direction navds-stack-wrap"
        style="--__ac-stack-gap-xs: var(--a-spacing-1); --__ac-stack-direction-xs: row; --__ac-stack-align-xs: center;"
      >
        <p
          class="navds-body-short navds-body-short--small navds-typo--semibold"
          data-testid="borger-fnr"
        >
          F.nr.: 123456 78901
        </p>
        <button
          class="navds-copybutton navds-copybutton--small navds-copybutton--neutral navds-copybutton--icon-only"
          type="button"
        >
          <span
            class="navds-copybutton__content"
          >
            <span
              class="navds-copybutton__icon"
            >
              <svg
                aria-hidden="false"
                aria-labelledby="title-«r1»"
                fill="none"
                focusable="false"
                height="1em"
                role="img"
                viewBox="0 0 24 24"
                width="1em"
                xmlns="http://www.w3.org/2000/svg"
              >
                <title
                  id="title-«r1»"
                >
                  Kopier
                </title>
                <path
                  clip-rule="evenodd"
                  d="M8.25 3.5c0-.69.56-1.25 1.25-1.25H14a.75.75 0 0 1 .53.22l5 5c.141.14.22.331.22.53v8.5c0 .69-.56 1.25-1.25 1.25h-9c-.69 0-1.25-.56-1.25-1.25zm6.25 5.25c-.69 0-1.25-.56-1.25-1.25V3.75h-3.5v12.5h8.5v-7.5zm.25-3.94 2.44 2.44h-2.44zM6.502 7.75H5.75v12.5h8.5v-.748a.75.75 0 0 1 1.5 0v.998c0 .69-.56 1.25-1.25 1.25h-9c-.69 0-1.25-.56-1.25-1.25v-13c0-.69.56-1.25 1.25-1.25h1.002a.75.75 0 1 1 0 1.5"
                  fill="currentColor"
                  fill-rule="evenodd"
                />
              </svg>
            </span>
          </span>
        </button>
      </div>
      <span
        class="navds-stack__spacer"
      />
      <div>
        <button
          class="navds-button navds-button--secondary navds-button--small"
          data-testid="borger-nullstill"
        >
          <span
            class="navds-label navds-label--small"
          >
            Nullstill bruker
          </span>
        </button>
      </div>
    </div>
  </div>
</DocumentFragment>
`;
