// Vitest Snapshot v1

exports[`TidligstMuligUttak > rendrer riktig tittel med formatert uttaksalder og tekst 1`] = `
<DocumentFragment>
  <div
    class="navds-accordion__item navds-accordion__item--open"
  >
    <button
      aria-expanded="true"
      class="navds-accordion__header"
      data-testid="accordion-header"
      type="button"
    >
      <div
        class="navds-accordion__icon-wrapper"
      >
        <svg
          aria-hidden="true"
          aria-labelledby="title-r0"
          class="navds-accordion__header-chevron"
          fill="none"
          focusable="false"
          height="1em"
          role="img"
          viewBox="0 0 24 24"
          width="1em"
          xmlns="http://www.w3.org/2000/svg"
        >
          <title
            id="title-r0"
          >
            Vis mer
          </title>
          <path
            clip-rule="evenodd"
            d="M5.97 9.47a.75.75 0 0 1 1.06 0L12 14.44l4.97-4.97a.75.75 0 1 1 1.06 1.06l-5.5 5.5a.75.75 0 0 1-1.06 0l-5.5-5.5a.75.75 0 0 1 0-1.06Z"
            fill="currentColor"
            fill-rule="evenodd"
          />
        </svg>
      </div>
      <span
        class="navds-accordion__header-content navds-heading navds-heading--small"
      >
        Tidligst mulig uttak: 
        <span
          class="_details_c03039"
        >
          62 år og 10 md.
        </span>
      </span>
    </button>
    <div
      class="navds-accordion__content _content_e53ef6 navds-body-long"
    >
      <p
        class="navds-body-long"
      >
        Når du velger hvilken alder du ønsker ta ut pensjon er det alltid måneden etter du fyller år som blir brukt i beregningen. Velger du for eksempel 62 år, betyr det måneden etter du fyller 62 år. 
        <br />
        <br />
        For å starte uttak før 67 år må opptjeningen være høy nok, og det vil derfor ikke være alle som har mulighet til å starte uttak ved 62 år. Tidspunktet som er oppgitt er ett estimat på når du tidligst kan starte uttak av 100 % alderspensjon basert på din pensjonsopptjening og opplysninger du har gitt.
        <br />
        <br />
        Tidspunktet kan bli endret hvis din inntekt endrer seg, og ut fra om du har rett til AFP i privat eller offentlig sektor. Du bør derfor sjekke igjen når det nærmer seg at du ønsker å starte alderspensjon.
      </p>
    </div>
  </div>
</DocumentFragment>
`;
