// Vitest Snapshot v1, https://vitest.dev/guide/snapshot.html

exports[`BeregningAvansert > Gitt at brukeren har fylt ut stegvisningen og er kommet til beregningssiden for avansert > Gitt at brukeren har fylt ut skjemaet og valgt en uttaksalder, > Når simuleringen svarer med en beregning og brukeren har loepende vedtak om alderspensjon vises det informasjon om det 1`] = `
<DocumentFragment>
  <div
    class="_container_a117bd _container__hasMobilePadding_a117bd"
  >
    <p
      class="navds-body-long navds-body-long--medium"
    >
      Du har i dag 
      <strong>
        <span
          class="nowrap"
        >
          100 %
        </span>
         alderspensjon
      </strong>
      . I oktober var dette 
      <strong>
        <span
          class="nowrap"
        >
          34 000 kr
        </span>
      </strong>
       før skatt.
    </p>
    <hr
      class="_divider_1adfb3 _divider__SmallMargin_1adfb3"
    />
  </div>
  <div
    class="_container_1cdf2b _container__hasMobilePadding_1cdf2b _container__hasTopMargin_1cdf2b"
  >
    <button
      class="_button_1cdf2b navds-button navds-button--secondary navds-button--medium"
      data-testid="card-button-secondary"
      type="button"
    >
      <span
        class="navds-button__icon"
      >
        <svg
          aria-hidden="true"
          fill="none"
          focusable="false"
          height="1em"
          role="img"
          viewBox="0 0 24 24"
          width="1em"
          xmlns="http://www.w3.org/2000/svg"
        >
          <path
            clip-rule="evenodd"
            d="M19.638 4.417a3.25 3.25 0 0 0-4.608-.008l-9.378 9.379a.75.75 0 0 0-.191.324l-1.414 4.95a.75.75 0 0 0 .925.927l4.94-1.398a.75.75 0 0 0 .327-.191l9.39-9.391a3.25 3.25 0 0 0 .01-4.592M16.091 5.47a1.752 1.752 0 1 1 2.478 2.478l-.23.23-2.477-2.479zM14.8 6.76 6.85 14.71l-.991 3.47 3.457-.979 7.963-7.963z"
            fill="currentColor"
            fill-rule="evenodd"
          />
        </svg>
      </span>
      <span
        class="navds-label"
      >
        beregning.avansert.button.endre_valgene_dine
      </span>
    </button>
    <section
      class="_section_ccee9c"
    >
      <h2
        class="navds-heading navds-heading--medium navds-typo--visually-hidden"
      >
        beregning.highcharts.title
      </h2>
      <div
        aria-hidden="true"
        data-testid="highcharts-aria-wrapper"
      >
        <div
          data-highcharts-chart="1"
          data-testid="highcharts-done-drawing"
          style="overflow: visible;"
        >
          <div
            class="highcharts-scrolling-parent"
            style="position: relative;"
          >
            <div
              class="highcharts-fixed"
              dir="ltr"
              style="padding: 0px; margin: 0px; position: absolute; overflow: hidden; pointer-events: none; z-index: 2; top: 0px;"
            >
              <svg
                class="highcharts-root"
                height="400"
                style="font-family: Helvetica, Arial, sans-serif; font-size: 1rem;"
                version="1.1"
                viewBox="0 0 600 400"
                width="600"
                xmlns="http://www.w3.org/2000/svg"
              >
                <desc>
                  Created with Highcharts 11.4.8
                </desc>
                <defs />
                <path
                  class="highcharts-scrollable-mask"
                  d="M 0 -1 L -1 -1 L -1 401 L 0 401 Z M 590 -1 L 600 -1 L 600 401 L 590 401 Z"
                  data-z-index="-1"
                  fill="#ffffff"
                  fill-opacity="0.85"
                />
                <text
                  class="highcharts-caption"
                  data-z-index="4"
                  style="color: rgb(102, 102, 102); font-size: 0.8em; fill: #666666; pointer-events: auto;"
                  text-anchor="start"
                  x="0"
                  y="402"
                />
                <g
                  class="highcharts-legend highcharts-no-tooltip"
                  data-z-index="7"
                  style="pointer-events: auto;"
                  visibility="hidden"
                >
                  <rect
                    class="highcharts-legend-box"
                    fill="none"
                    filter="none"
                    rx="0"
                    ry="0"
                    stroke="#999999"
                    stroke-width="0"
                  />
                  <g
                    data-z-index="1"
                  >
                    <g />
                  </g>
                </g>
                <text
                  class="highcharts-subtitle"
                  data-z-index="4"
                  style="color: rgb(102, 102, 102); font-size: 0.8em; fill: #666666; pointer-events: auto;"
                  text-anchor="middle"
                  x="295"
                  y="0"
                />
                <text
                  class="highcharts-title"
                  data-z-index="4"
                  style="font-size: 20px; color: rgb(51, 51, 51); font-weight: bold; font-family: var(--a-font-family); fill: #333333; pointer-events: auto;"
                  text-anchor="start"
                  x="0"
                  y="20"
                >
                  beregning.highcharts.title
                </text>
              </svg>
            </div>
            <div
              class="highcharts-scrolling"
              style="overflow-x: auto; overflow-y: hidden; width: 600px; height: 400px;"
            >
              <div
                class="highcharts-inner-container"
              >
                <div
                  class="highcharts-container "
                  dir="ltr"
                  id="highcharts-187"
                  style="position: relative; overflow: hidden; width: 750px; height: 400px; text-align: left; line-height: normal; z-index: 0; user-select: none; outline: none; padding: 0px;"
                >
                  <svg
                    aria-label="beregning.highcharts.title"
                    class="highcharts-root"
                    height="400"
                    role="img"
                    style="font-family: Helvetica, Arial, sans-serif; font-size: 1rem;"
                    version="1.1"
                    viewBox="0 0 750 400"
                    width="750"
                    xmlns="http://www.w3.org/2000/svg"
                  >
                    <desc>
                      Created with Highcharts 11.4.8
                    </desc>
                    <defs>
                      <filter
                        id="highcharts-drop-shadow-1"
                      >
                        <fedropshadow
                          dx="1"
                          dy="1"
                          flood-color="#000000"
                          flood-opacity="0.75"
                          stdDeviation="2.5"
                        />
                      </filter>
                    </defs>
                    <rect
                      class="highcharts-background"
                      fill="#ffffff"
                      filter="none"
                      height="400"
                      rx="0"
                      ry="0"
                      width="750"
                      x="0"
                      y="0"
                    />
                    <rect
                      class="highcharts-plot-background"
                      fill="none"
                      filter="none"
                      height="400"
                      width="740"
                      x="0"
                      y="0"
                    />
                    <rect
                      class="highcharts-plot-border"
                      data-z-index="1"
                      fill="none"
                      height="400"
                      stroke="#cccccc"
                      stroke-width="0"
                      width="740"
                      x="0"
                      y="0"
                    />
                    <g
                      class="highcharts-series-group"
                      data-z-index="3"
                      filter="none"
                    />
                  </svg>
                  <div
                    class="highcharts-loading"
                    style="position: absolute; background-color: rgb(255, 255, 255); opacity: 0.5; text-align: center; z-index: 10; left: 0px; top: 0px; width: 740px; height: 400px;"
                  >
                    <span
                      class="highcharts-loading-inner"
                      style="font-weight: bold; position: relative; top: 45%;"
                    >
                      <div
                        class="_loader_ccee9c"
                      >
                        <div />
                        <div />
                        <div />
                        <div />
                      </div>
                    </span>
                  </div>
                </div>
              </div>
            </div>
          </div>
        </div>
      </div>
    </section>
    <section
      aria-labelledby="expansion-card-label"
      class="navds-expansioncard _card_0e3459 navds-expansioncard--small"
      data-testid="expansioncard"
    >
      <div
        class="navds-expansioncard__header"
      >
        <div
          class="navds-expansioncard__header-content"
        >
          <h3
            class="navds-expansioncard__title navds-expansioncard__title--small navds-heading navds-heading--small"
            id="expansion-card-label"
          >
            beregning.avansert.resultatkort.tittel
          </h3>
          <p
            class="navds-link-panel__description navds-body-long navds-body-long--small"
          >
            beregning.avansert.resultatkort.description
          </p>
        </div>
        <button
          aria-expanded="false"
          class="navds-expansioncard__header-button"
          type="button"
        >
          <svg
            aria-labelledby="title-r69"
            class="navds-expansioncard__header-chevron"
            fill="none"
            focusable="false"
            height="1em"
            role="img"
            viewBox="0 0 24 24"
            width="1em"
            xmlns="http://www.w3.org/2000/svg"
          >
            <title
              id="title-r69"
            >
              Vis mer
            </title>
            <path
              clip-rule="evenodd"
              d="M5.97 9.47a.75.75 0 0 1 1.06 0L12 14.44l4.97-4.97a.75.75 0 1 1 1.06 1.06l-5.5 5.5a.75.75 0 0 1-1.06 0l-5.5-5.5a.75.75 0 0 1 0-1.06"
              fill="currentColor"
              fill-rule="evenodd"
            />
          </svg>
        </button>
      </div>
      <div
        aria-hidden="true"
        class="navds-expansioncard__content navds-expansioncard__content--closed navds-body-long navds-body-long--small"
      >
        <div
          class="navds-expansioncard__content-inner"
        >
          <dl
            class="_list_0e3459"
          >
            <dt
              class="_listTitle_0e3459"
            >
              beregning.avansert.resultatkort.frem_til_uttak
            </dt>
            <dd
              class="_listDescription_0e3459"
            >
              beregning.avansert.resultatkort.inntekt_1: 
              <span
                class="nowrap"
              >
                521 338
              </span>
              beregning.avansert.resultatkort.inntekt_2
            </dd>
            <dt
              class="_listTitle_0e3459"
            >
              62 alder.aar string.og 6 alder.md (01.11.2025)
            </dt>
            <dd
              class="_listDescription_0e3459"
            >
              beregning.avansert.resultatkort.alderspensjon60 %
              <br />
            </dd>
            <dt
              class="_listTitle_0e3459"
            >
              67 alder.aar string.og 6 alder.md
                  (01.11.2030)
            </dt>
            <dd
              class="_listDescription_0e3459"
            >
              beregning.avansert.resultatkort.alderspensjon100 %
            </dd>
          </dl>
          <button
            class="_button_0e3459 navds-button navds-button--tertiary navds-button--medium"
          >
            <span
              class="navds-button__icon"
            >
              <svg
                aria-hidden="true"
                fill="none"
                focusable="false"
                height="1em"
                role="img"
                viewBox="0 0 24 24"
                width="1em"
                xmlns="http://www.w3.org/2000/svg"
              >
                <path
                  clip-rule="evenodd"
                  d="M19.638 4.417a3.25 3.25 0 0 0-4.608-.008l-9.378 9.379a.75.75 0 0 0-.191.324l-1.414 4.95a.75.75 0 0 0 .925.927l4.94-1.398a.75.75 0 0 0 .327-.191l9.39-9.391a3.25 3.25 0 0 0 .01-4.592M16.091 5.47a1.752 1.752 0 1 1 2.478 2.478l-.23.23-2.477-2.479zM14.8 6.76 6.85 14.71l-.991 3.47 3.457-.979 7.963-7.963z"
                  fill="currentColor"
                  fill-rule="evenodd"
                />
              </svg>
            </span>
            <span
              class="navds-label"
            >
              beregning.avansert.resultatkort.button
            </span>
          </button>
        </div>
      </div>
    </section>
    <section
      class="_section_148551"
    >
      <h2
        class="navds-heading navds-heading--medium"
        id="pensjonsavtaler-heading"
      >
        pensjonsavtaler.title
      </h2>
      <p
        class="navds-body-long navds-body-long--medium"
      >
        pensjonsavtaler.ingress.error.samtykke_ingress
        <a
          class="navds-link navds-link--action"
          href="/start"
        >
          pensjonsavtaler.ingress.error.samtykke_link_1
        </a>
         pensjonsavtaler.ingress.error.samtykke_link_2
      </p>
    </section>
    <section
      class="_section_a5ef50"
    >
      <div
        class="_description_a5ef50"
      >
        <h2
          class="navds-heading navds-heading--medium"
        >
          grunnlag.title
        </h2>
        <p
          class="navds-body-long navds-body-long--medium"
        >
          grunnlag.ingress
        </p>
      </div>
      <div
        class="navds-accordion navds-accordion--medium navds-accordion--indent"
      >
        <div
          class="navds-accordion__item"
        >
          <button
            aria-expanded="false"
            class="navds-accordion__header"
            data-testid="accordion-header"
            type="button"
          >
            <span
              class="navds-accordion__icon-wrapper"
            >
              <svg
                aria-hidden="true"
                class="navds-accordion__header-chevron"
                fill="none"
                focusable="false"
                height="1em"
                role="img"
                viewBox="0 0 24 24"
                width="1em"
                xmlns="http://www.w3.org/2000/svg"
              >
                <path
                  clip-rule="evenodd"
                  d="M5.97 9.47a.75.75 0 0 1 1.06 0L12 14.44l4.97-4.97a.75.75 0 1 1 1.06 1.06l-5.5 5.5a.75.75 0 0 1-1.06 0l-5.5-5.5a.75.75 0 0 1 0-1.06"
                  fill="currentColor"
                  fill-rule="evenodd"
                />
              </svg>
            </span>
            <span
              class="navds-accordion__header-content navds-heading navds-heading--small"
            >
              <span
                data-testid="accordion-ref"
              >
                grunnlag.sivilstand.title
              </span>
              : 
              <span
                class="_header_0dc0a1"
              >
                sivilstand.ugift, sivilstand.uten_samboer
              </span>
            </span>
          </button>
          <div
            aria-hidden="true"
            class="navds-accordion__content navds-accordion__content--closed _content_0dc0a1 navds-body-long navds-body-long--medium"
          >
            <p
              class="navds-body-long navds-body-long--medium"
            >
              Størrelsen på alderspensjonen din kan avhenge av om du bor alene eller sammen med noen. Hvis du mottar alderspensjon må du derfor melde fra til NAV ved endring i sivilstand. 
              <br />
              <br />
              <a
                class="navds-link navds-link--action navds-link--inline-text"
                href="https://www.nav.no/minstepensjon"
                target="_blank"
              >
                Om garantipensjon og satser
                <svg
                  aria-labelledby="title-r6c"
                  fill="none"
                  focusable="false"
                  height="1.25rem"
                  role="img"
                  viewBox="0 0 24 24"
                  width="1.25rem"
                  xmlns="http://www.w3.org/2000/svg"
                >
                  <title
                    id="title-r6c"
                  >
                    application.global.external_link
                  </title>
                  <path
                    clip-rule="evenodd"
                    d="M20.532 3.471A.75.75 0 0 1 20.75 4v7.5a.75.75 0 0 1-1.5 0V5.81l-8.72 8.72a.75.75 0 1 1-1.06-1.06l8.72-8.72H12.5a.75.75 0 0 1 0-1.5H20c.206 0 .393.083.529.218l.001.002zM4.75 9A.25.25 0 0 1 5 8.75h7a.75.75 0 0 0 0-1.5H5A1.75 1.75 0 0 0 3.25 9v10c0 .966.784 1.75 1.75 1.75h10A1.75 1.75 0 0 0 16.75 19v-7a.75.75 0 0 0-1.5 0v7a.25.25 0 0 1-.25.25H5a.25.25 0 0 1-.25-.25z"
                    fill="currentColor"
                    fill-rule="evenodd"
                  />
                </svg>
              </a>
            </p>
          </div>
        </div>
        <dialog
          aria-labelledby="r6d"
          class="navds-modal navds-modal--polyfilled navds-modal--medium"
          role="dialog"
        >
          <div
            class="navds-modal__header"
          >
            <button
              class="navds-modal__button navds-button navds-button--tertiary-neutral navds-button--small navds-button--icon-only"
              type="button"
            >
              <span
                class="navds-button__icon"
              >
                <svg
                  aria-labelledby="title-r6f"
                  fill="none"
                  focusable="false"
                  height="1em"
                  role="img"
                  viewBox="0 0 24 24"
                  width="1em"
                  xmlns="http://www.w3.org/2000/svg"
                >
                  <title
                    id="title-r6f"
                  >
                    Lukk
                  </title>
                  <path
                    d="M6.53 5.47a.75.75 0 0 0-1.06 1.06L10.94 12l-5.47 5.47a.75.75 0 1 0 1.06 1.06L12 13.06l5.47 5.47a.75.75 0 1 0 1.06-1.06L13.06 12l5.47-5.47a.75.75 0 0 0-1.06-1.06L12 10.94z"
                    fill="currentColor"
                  />
                </svg>
              </span>
            </button>
            <h1
              class="navds-heading navds-heading--medium"
              id="r6d"
            >
              grunnlag.opphold.avbryt_modal.title
            </h1>
          </div>
          <div
            class="navds-modal__footer"
          >
            <button
              class="navds-button navds-button--primary navds-button--medium"
              type="button"
            >
              <span
                class="navds-label"
              >
                grunnlag.opphold.avbryt_modal.bekreft
              </span>
            </button>
            <button
              class="navds-button navds-button--secondary navds-button--medium"
              type="button"
            >
              <span
                class="navds-label"
              >
                grunnlag.opphold.avbryt_modal.avbryt
              </span>
            </button>
          </div>
        </dialog>
        <div
          class="navds-accordion__item"
        >
          <button
            aria-expanded="false"
            class="navds-accordion__header"
            data-testid="accordion-header"
            type="button"
          >
            <span
              class="navds-accordion__icon-wrapper"
            >
              <svg
                aria-hidden="true"
                class="navds-accordion__header-chevron"
                fill="none"
                focusable="false"
                height="1em"
                role="img"
                viewBox="0 0 24 24"
                width="1em"
                xmlns="http://www.w3.org/2000/svg"
              >
                <path
                  clip-rule="evenodd"
                  d="M5.97 9.47a.75.75 0 0 1 1.06 0L12 14.44l4.97-4.97a.75.75 0 1 1 1.06 1.06l-5.5 5.5a.75.75 0 0 1-1.06 0l-5.5-5.5a.75.75 0 0 1 0-1.06"
                  fill="currentColor"
                  fill-rule="evenodd"
                />
              </svg>
            </span>
            <span
              class="navds-accordion__header-content navds-heading navds-heading--small"
            >
              <span
                data-testid="accordion-ref"
              >
                grunnlag.opphold.title.mindre_enn_5_aar
              </span>
              : 
              <span
                class="_header_0dc0a1"
              >
                grunnlag.opphold.value.mindre_enn_5_aar
              </span>
            </span>
          </button>
          <div
            aria-hidden="true"
            class="navds-accordion__content navds-accordion__content--closed _content_0dc0a1 navds-body-long navds-body-long--medium"
          >
            <p
              class="navds-body-long navds-body-long--medium navds-typo--spacing"
            >
              grunnlag.opphold.ingress.mindre_enn_5_aar
            </p>
            <p
              class="navds-body-long navds-body-long--medium"
            >
              Du kan endre oppholdene dine ved å gå tilbake til 
              <a
                class="navds-link navds-link--action"
                href="#"
              >
                grunnlag.opphold.ingress.endre_opphold.link
              </a>
              .
            </p>
          </div>
        </div>
        <div
          class="navds-accordion__item"
        >
          <button
            aria-expanded="false"
            class="navds-accordion__header"
            data-testid="accordion-header"
            type="button"
          >
            <span
              class="navds-accordion__icon-wrapper"
            >
              <svg
                aria-hidden="true"
                class="navds-accordion__header-chevron"
                fill="none"
                focusable="false"
                height="1em"
                role="img"
                viewBox="0 0 24 24"
                width="1em"
                xmlns="http://www.w3.org/2000/svg"
              >
                <path
                  clip-rule="evenodd"
                  d="M5.97 9.47a.75.75 0 0 1 1.06 0L12 14.44l4.97-4.97a.75.75 0 1 1 1.06 1.06l-5.5 5.5a.75.75 0 0 1-1.06 0l-5.5-5.5a.75.75 0 0 1 0-1.06"
                  fill="currentColor"
                  fill-rule="evenodd"
                />
              </svg>
            </span>
            <span
              class="navds-accordion__header-content navds-heading navds-heading--small"
            >
              <span
                data-testid="accordion-ref"
              >
                grunnlag.alderspensjon.title
              </span>
              : 
              <span
                class="_header_0dc0a1"
              >
                grunnlag.alderspensjon.value
              </span>
            </span>
          </button>
          <div
            aria-hidden="true"
            class="navds-accordion__content navds-accordion__content--closed _content_0dc0a1 navds-body-long navds-body-long--medium"
          >
            <p
              class="navds-body-long navds-body-long--medium"
            >
              Alderspensjon beregnes ut ifra din pensjonsbeholdning i folketrygden. Hvis du fortsetter å ha inntekt samtidig som du tar ut pensjon, vil alderspensjonen din øke.
              <br />
              <br />
              <a
                class="navds-link navds-link--action navds-link--inline-text"
                href="https://www.nav.no/pensjon/opptjening/nb/"
                target="_blank"
              >
                Din pensjonsopptjening
                <svg
                  aria-labelledby="title-r6i"
                  fill="none"
                  focusable="false"
                  height="1.25rem"
                  role="img"
                  viewBox="0 0 24 24"
                  width="1.25rem"
                  xmlns="http://www.w3.org/2000/svg"
                >
                  <title
                    id="title-r6i"
                  >
                    application.global.external_link
                  </title>
                  <path
                    clip-rule="evenodd"
                    d="M20.532 3.471A.75.75 0 0 1 20.75 4v7.5a.75.75 0 0 1-1.5 0V5.81l-8.72 8.72a.75.75 0 1 1-1.06-1.06l8.72-8.72H12.5a.75.75 0 0 1 0-1.5H20c.206 0 .393.083.529.218l.001.002zM4.75 9A.25.25 0 0 1 5 8.75h7a.75.75 0 0 0 0-1.5H5A1.75 1.75 0 0 0 3.25 9v10c0 .966.784 1.75 1.75 1.75h10A1.75 1.75 0 0 0 16.75 19v-7a.75.75 0 0 0-1.5 0v7a.25.25 0 0 1-.25.25H5a.25.25 0 0 1-.25-.25z"
                    fill="currentColor"
                    fill-rule="evenodd"
                  />
                </svg>
              </a>
               
              <br />
              <br />
              <a
                class="navds-link navds-link--action navds-link--inline-text"
                href="https://www.nav.no/alderspensjon#beregning"
                target="_blank"
              >
                Om reglene for alderspensjon
                <svg
                  aria-labelledby="title-r6j"
                  fill="none"
                  focusable="false"
                  height="1.25rem"
                  role="img"
                  viewBox="0 0 24 24"
                  width="1.25rem"
                  xmlns="http://www.w3.org/2000/svg"
                >
                  <title
                    id="title-r6j"
                  >
                    application.global.external_link
                  </title>
                  <path
                    clip-rule="evenodd"
                    d="M20.532 3.471A.75.75 0 0 1 20.75 4v7.5a.75.75 0 0 1-1.5 0V5.81l-8.72 8.72a.75.75 0 1 1-1.06-1.06l8.72-8.72H12.5a.75.75 0 0 1 0-1.5H20c.206 0 .393.083.529.218l.001.002zM4.75 9A.25.25 0 0 1 5 8.75h7a.75.75 0 0 0 0-1.5H5A1.75 1.75 0 0 0 3.25 9v10c0 .966.784 1.75 1.75 1.75h10A1.75 1.75 0 0 0 16.75 19v-7a.75.75 0 0 0-1.5 0v7a.25.25 0 0 1-.25.25H5a.25.25 0 0 1-.25-.25z"
                    fill="currentColor"
                    fill-rule="evenodd"
                  />
                </svg>
              </a>
            </p>
          </div>
        </div>
        <div
          class="navds-accordion__item"
        >
          <button
            aria-expanded="false"
            class="navds-accordion__header"
            data-testid="accordion-header"
            type="button"
          >
            <span
              class="navds-accordion__icon-wrapper"
            >
              <svg
                aria-hidden="true"
                class="navds-accordion__header-chevron"
                fill="none"
                focusable="false"
                height="1em"
                role="img"
                viewBox="0 0 24 24"
                width="1em"
                xmlns="http://www.w3.org/2000/svg"
              >
                <path
                  clip-rule="evenodd"
                  d="M5.97 9.47a.75.75 0 0 1 1.06 0L12 14.44l4.97-4.97a.75.75 0 1 1 1.06 1.06l-5.5 5.5a.75.75 0 0 1-1.06 0l-5.5-5.5a.75.75 0 0 1 0-1.06"
                  fill="currentColor"
                  fill-rule="evenodd"
                />
              </svg>
            </span>
            <span
              class="navds-accordion__header-content navds-heading navds-heading--small"
            >
              <span
                data-testid="accordion-ref"
              >
                grunnlag.afp.title
              </span>
              : 
              <span
                class="_header_0dc0a1"
              >
                afp.nei
              </span>
            </span>
          </button>
          <div
            aria-hidden="true"
            class="navds-accordion__content navds-accordion__content--closed _content_0dc0a1 navds-body-long navds-body-long--medium"
          >
            <p
              class="navds-body-long navds-body-long--medium"
            >
              grunnlag.afp.ingress.nei
              <a
                class="navds-link navds-link--action"
                href="#"
              >
                grunnlag.afp.reset_link
              </a>
              .
            </p>
          </div>
        </div>
      </div>
    </section>
  </div>
  <div
    class="_background_1cdf2b _background__lightblue_1cdf2b"
  >
    <div
      class="_container_1cdf2b"
    >
      <section
        class="_section_0bc99b"
      >
        <h3
          class="_heading_0bc99b navds-heading navds-heading--medium"
        >
          savnerdunoe.title
        </h3>
        <p
          class="navds-body-long navds-body-long--medium"
        >
          Denne kalkulatoren er under utvikling. Har du behov for å lagre beregninger og se flere detaljer, kan du gjøre det i 
          <a
            class="navds-link navds-link--action navds-link--inline-text"
            href="https://www.nav.no/pselv/simulering.jsf"
            target="_blank"
          >
            detaljert pensjonskalkulator
            <svg
              aria-labelledby="title-r6l"
              fill="none"
              focusable="false"
              height="1.25rem"
              role="img"
              viewBox="0 0 24 24"
              width="1.25rem"
              xmlns="http://www.w3.org/2000/svg"
            >
              <title
                id="title-r6l"
              >
                application.global.external_link
              </title>
              <path
                clip-rule="evenodd"
                d="M20.532 3.471A.75.75 0 0 1 20.75 4v7.5a.75.75 0 0 1-1.5 0V5.81l-8.72 8.72a.75.75 0 1 1-1.06-1.06l8.72-8.72H12.5a.75.75 0 0 1 0-1.5H20c.206 0 .393.083.529.218l.001.002zM4.75 9A.25.25 0 0 1 5 8.75h7a.75.75 0 0 0 0-1.5H5A1.75 1.75 0 0 0 3.25 9v10c0 .966.784 1.75 1.75 1.75h10A1.75 1.75 0 0 0 16.75 19v-7a.75.75 0 0 0-1.5 0v7a.25.25 0 0 1-.25.25H5a.25.25 0 0 1-.25-.25z"
                fill="currentColor"
                fill-rule="evenodd"
              />
            </svg>
          </a>
        </p>
      </section>
    </div>
  </div>
  <div
    class="_container_1cdf2b"
  >
    <section
      class="_section_1598cd"
    >
      <h3
        class="_heading_1598cd navds-heading navds-heading--medium"
      >
        grunnlag.forbehold.title
      </h3>
      <p
        class="_text_1598cd navds-body-long navds-body-long--medium"
      >
        grunnlag.forbehold.ingress_1
        <a
          class="navds-link navds-link--action navds-link--inline-text"
          href="/forbehold"
          target="_blank"
        >
          grunnlag.forbehold.link
          <svg
            aria-labelledby="title-r6m"
            fill="none"
            focusable="false"
            height="1.25rem"
            role="img"
            viewBox="0 0 24 24"
            width="1.25rem"
            xmlns="http://www.w3.org/2000/svg"
          >
            <title
              id="title-r6m"
            >
              application.global.external_link
            </title>
            <path
              clip-rule="evenodd"
              d="M20.532 3.471A.75.75 0 0 1 20.75 4v7.5a.75.75 0 0 1-1.5 0V5.81l-8.72 8.72a.75.75 0 1 1-1.06-1.06l8.72-8.72H12.5a.75.75 0 0 1 0-1.5H20c.206 0 .393.083.529.218l.001.002zM4.75 9A.25.25 0 0 1 5 8.75h7a.75.75 0 0 0 0-1.5H5A1.75 1.75 0 0 0 3.25 9v10c0 .966.784 1.75 1.75 1.75h10A1.75 1.75 0 0 0 16.75 19v-7a.75.75 0 0 0-1.5 0v7a.25.25 0 0 1-.25.25H5a.25.25 0 0 1-.25-.25z"
              fill="currentColor"
              fill-rule="evenodd"
            />
          </svg>
        </a>
      </p>
    </section>
  </div>
</DocumentFragment>
`;
