// Vitest Snapshot v1, https://vitest.dev/guide/snapshot.html

exports[`LightBlueFooter > rendrer med riktig tekst og knapper 1`] = `
<DocumentFragment>
  <dialog
    aria-labelledby="«r0»"
    class="navds-modal navds-modal--polyfilled navds-modal--medium"
    role="dialog"
  >
    <div
      class="navds-modal__header"
    >
      <button
        class="navds-modal__button navds-button navds-button--tertiary-neutral navds-button--small navds-button--icon-only"
        type="button"
      >
        <span
          class="navds-button__icon"
        >
          <svg
            aria-labelledby="title-«r2»"
            fill="none"
            focusable="false"
            height="1em"
            role="img"
            viewBox="0 0 24 24"
            width="1em"
            xmlns="http://www.w3.org/2000/svg"
          >
            <title
              id="title-«r2»"
            >
              Lukk
            </title>
            <path
              d="M6.53 5.47a.75.75 0 0 0-1.06 1.06L10.94 12l-5.47 5.47a.75.75 0 1 0 1.06 1.06L12 13.06l5.47 5.47a.75.75 0 1 0 1.06-1.06L13.06 12l5.47-5.47a.75.75 0 0 0-1.06-1.06L12 10.94z"
              fill="currentColor"
            />
          </svg>
        </span>
      </button>
      <h1
        class="navds-heading navds-heading--medium"
        id="«r0»"
      >
        stegvisning.tilbake_start.modal.title
      </h1>
    </div>
    <div
      class="navds-modal__footer"
    >
      <button
        class="navds-button navds-button--primary navds-button--medium"
        type="button"
      >
        <span
          class="navds-label"
        >
          stegvisning.tilbake_start.modal.bekreft
        </span>
      </button>
      <button
        class="navds-button navds-button--secondary navds-button--medium"
        type="button"
      >
        <span
          class="navds-label"
        >
          stegvisning.tilbake_start.modal.avbryt
        </span>
      </button>
    </div>
  </dialog>
  <section
    class="_section_09f9ba"
  >
    <div
      class="_innerwrapper_09f9ba"
    >
      <button
        class="_button_09f9ba navds-button navds-button--tertiary navds-button--medium"
      >
        <span
          class="navds-label"
        >
          stegvisning.tilbake_start
        </span>
      </button>
    </div>
  </section>
</DocumentFragment>
`;
