// Vitest Snapshot v1, https://vitest.dev/guide/snapshot.html

exports[`HenvisningUfoeretrygdGjenlevendepensjon  > rendrer 1`] = `
<DocumentFragment>
  <section
    aria-live="polite"
    class="_section_67454f _section__largePadding_67454f _section__marginBotton_67454f"
    data-testid="henvisning-ufoere-gjenlevende"
  >
    <h2
      class="navds-heading navds-heading--medium navds-typo--spacing"
    >
      error.du_kan_ikke_bruke_enkel_kalkulator
    </h2>
    <p
      class="_ingress_789545 navds-body-long navds-body-long--large"
    >
      henvisning_ufoere_gjenlevende.body
    </p>
    <button
      class="_button_789545 navds-button navds-button--primary navds-button--medium"
      data-testid="card-button-primary"
      type="button"
    >
      <span
        class="navds-label"
      >
        henvisning_ufoere_gjenlevende.detaljert_kalkulator
      </span>
    </button>
    <button
      class="_button_789545 navds-button navds-button--secondary navds-button--medium"
      data-testid="card-button-secondary"
      type="button"
    >
      <span
        class="navds-label"
      >
        stegvisning.avbryt
      </span>
    </button>
  </section>
</DocumentFragment>
`;
