// Vitest Snapshot v1

exports[`TilbakeEllerAvslutt > rendrer med riktig tekst og knapper 1`] = `
<DocumentFragment>
  <section
    class="_section_095025"
  >
    <div
      class="_innerwrapper_095025"
    >
      <button
        class="_button_095025 navds-button navds-button--secondary navds-button--medium"
      >
        <span
          aria-live="polite"
          class="navds-label"
        >
          Tilbake til start
        </span>
      </button>
      <button
        class="_button_095025 _button__avbryt_095025 navds-button navds-button--tertiary navds-button--medium"
      >
        <span
          aria-live="polite"
          class="navds-label"
        >
          Avbryt
        </span>
      </button>
    </div>
  </section>
</DocumentFragment>
`;
