// Vitest Snapshot v1

exports[`Uttaksalternativer > viser feilmelding om henting av pensjonberegning feiler 1`] = `
<DocumentFragment>
  <div
    class="navds-alert navds-alert--error navds-alert--medium"
  >
    <svg
      aria-labelledby="title-r2"
      class="navds-alert__icon"
      fill="none"
      focusable="false"
      height="1em"
      role="img"
      viewBox="0 0 24 24"
      width="1em"
      xmlns="http://www.w3.org/2000/svg"
    >
      <title
        id="title-r2"
      >
        Feil
      </title>
      <path
        clip-rule="evenodd"
        d="M0 11.976C.013 5.372 5.395 0 11.999 0 18.639.013 24.012 5.406 24 12.022 23.986 18.627 18.603 24 12 24h-.023a11.924 11.924 0 0 1-8.48-3.531A11.923 11.923 0 0 1 0 11.976Zm17-3.547L15.571 7 12 10.572 8.429 7 7 8.429 10.572 12 7 15.571 8.429 17 12 13.428 15.571 17 17 15.571 13.428 12 17 8.429Z"
        fill="#C30000"
        fill-rule="evenodd"
      />
    </svg>
    <div
      class="navds-alert__wrapper navds-body-long"
    >
      <h3
        class="navds-heading navds-heading--small navds-typo--spacing"
      >
        Vi klarte ikke å kalkulere pensjonen din. Prøv igjen senere.
      </h3>
    </div>
  </div>
</DocumentFragment>
`;

exports[`Uttaksalternativer > viser loading og deretter pensjonsberegning hentet fra backend 1`] = `
<DocumentFragment>
  <section
    class="_uttaksalternativer_2bdd5e"
  >
    <h3
      class="navds-heading navds-heading--medium"
    >
      Alternativer for når du kan ta ut
    </h3>
    <p
      class="_uttaksalternativerParagraph_2bdd5e navds-body-long"
    >
      Hvis du fortsetter å ha en inntekt på 
      <strong>
        678 000 kr
      </strong>
       kan du tidligst gå av med alderspensjon når du blir 
      <strong>
        67 år
      </strong>
      . Hvis du går av senere, får du høyere pensjon.
    </p>
    <section
      aria-label="Pensjonsberegning"
      class="_uttaksalternativerChart_2bdd5e"
    >
      <table
        class="_barchart_95eb26"
      >
        <thead>
          <tr
            class="_flexContainer_95eb26"
          >
            <th
              class="_barchartCaption_95eb26"
            >
              Lønn
            </th>
            <th
              class="_barchartCaption_95eb26"
            >
              67 år
            </th>
            <th
              class="_barchartCaption_95eb26"
            >
              68 år
            </th>
            <th
              class="_barchartCaption_95eb26"
            >
              69 år
            </th>
          </tr>
        </thead>
        <tbody>
          <tr
            class="_flexContainer_95eb26"
          >
            <td
              class="_barchartBar_95eb26"
              style="--barheight: 128px;"
            >
              <p
                class="navds-body-short"
              >
                678 000
              </p>
              <figure
                class="_barchartFigure_95eb26 _barchartFigure_isFirst_95eb26"
              />
            </td>
            <td
              class="_barchartBar_95eb26"
              style="--barheight: 56.63716814159292px;"
            >
              <p
                class="navds-body-short"
              >
                300 000
              </p>
              <figure
                class="_barchartFigure_95eb26"
              />
            </td>
            <td
              class="_barchartBar_95eb26"
              style="--barheight: 66.07669616519173px;"
            >
              <p
                class="navds-body-short"
              >
                350 000
              </p>
              <figure
                class="_barchartFigure_95eb26"
              />
            </td>
            <td
              class="_barchartBar_95eb26"
              style="--barheight: 75.51622418879056px;"
            >
              <p
                class="navds-body-short"
              >
                400 000
              </p>
              <figure
                class="_barchartFigure_95eb26"
              />
            </td>
          </tr>
        </tbody>
      </table>
      <button
        class="navds-button navds-button--secondary navds-button--medium"
      >
        <span
          aria-live="polite"
          class="navds-label"
        >
          Sjekk hele pensjonen din
        </span>
      </button>
    </section>
    <a
      class="navds-link"
      href="#"
    >
      Om hvordan vi beregner din pensjon
    </a>
  </section>
</DocumentFragment>
`;
