// Vitest Snapshot v1, https://vitest.dev/guide/snapshot.html

exports[`stegvisning - Ufoere > rendrer slik den skal 1`] = `
<DocumentFragment>
  <section
    class="_section_67454f _section__largePadding_67454f _section__marginBotton_67454f"
  >
    <form>
      <h2
        class="navds-heading navds-heading--medium navds-typo--spacing"
      >
        stegvisning.ufoere.title
      </h2>
      <div
        aria-live="polite"
        class="_alert_10fc87 navds-alert navds-alert--info navds-alert--medium"
        data-testid="ufoere-info"
      >
        <svg
          aria-labelledby="title-«r0»"
          class="navds-alert__icon"
          fill="none"
          focusable="false"
          height="1em"
          role="img"
          viewBox="0 0 24 24"
          width="1em"
          xmlns="http://www.w3.org/2000/svg"
        >
          <title
            id="title-«r0»"
          >
            Informasjon
          </title>
          <path
            clip-rule="evenodd"
            d="M3.25 4A.75.75 0 0 1 4 3.25h16a.75.75 0 0 1 .75.75v16a.75.75 0 0 1-.75.75H4a.75.75 0 0 1-.75-.75zM11 7.75a1 1 0 1 1 2 0 1 1 0 0 1-2 0m-1.25 3a.75.75 0 0 1 .75-.75H12a.75.75 0 0 1 .75.75v4.75h.75a.75.75 0 0 1 0 1.5h-3a.75.75 0 0 1 0-1.5h.75v-4h-.75a.75.75 0 0 1-.75-.75"
            fill="currentColor"
            fill-rule="evenodd"
          />
        </svg>
        <div
          class="navds-alert__wrapper navds-alert__wrapper--maxwidth navds-body-long navds-body-long--medium"
        >
          Før du fyller 62 år må du velge mellom å få AFP eller å beholde uføretrygden. 
          <br />
          <br />
           AFP og uføretrygd kan ikke kombineres. Hvis du ikke gir oss beskjed, mister du retten til AFP (men beholder uføretrygden).
        </div>
      </div>
      <div
        class="navds-read-more navds-read-more--medium _wrapper_11f63f _readmore1_10fc87"
        data-volume="low"
      >
        <button
          aria-expanded="false"
          class="navds-read-more__button navds-body-short"
          data-state="closed"
          data-testid="om_UT_AFP"
          type="button"
        >
          <svg
            aria-hidden="true"
            class="navds-read-more__expand-icon"
            fill="none"
            focusable="false"
            height="1em"
            role="img"
            viewBox="0 0 24 24"
            width="1em"
            xmlns="http://www.w3.org/2000/svg"
          >
            <path
              clip-rule="evenodd"
              d="M5.97 9.47a.75.75 0 0 1 1.06 0L12 14.44l4.97-4.97a.75.75 0 1 1 1.06 1.06l-5.5 5.5a.75.75 0 0 1-1.06 0l-5.5-5.5a.75.75 0 0 1 0-1.06"
              fill="currentColor"
              fill-rule="evenodd"
            />
          </svg>
          <span>
            Om uføretrygd og avtalefestet pensjon
          </span>
        </button>
        <div
          aria-hidden="true"
          class="navds-read-more__content navds-read-more__content--closed navds-body-long navds-body-long--medium"
          data-state="closed"
        >
          <p>
            Lorem
          </p>
        </div>
      </div>
      <p
        class="_paragraph_10fc87 navds-body-long navds-body-long--large"
        data-testid="ufoere-ingress"
      >
        Du kan få hjelp til å vurdere alternativene dine. Kontakt tjenestepensjonsordningen din hvis du jobber i offentlig sektor. 
        <a
          class="navds-link navds-link--action navds-link--inline-text"
          href="https://www.nav.no/planlegger-pensjon#noe-du-ikke-finner-svaret-p-her"
          target="_blank"
        >
          Kontakt Nav
          <svg
            aria-labelledby="title-«r2»"
            fill="none"
            focusable="false"
            height="1.25rem"
            role="img"
            viewBox="0 0 24 24"
            width="1.25rem"
            xmlns="http://www.w3.org/2000/svg"
          >
            <title
              id="title-«r2»"
            >
              application.global.external_link
            </title>
            <path
              clip-rule="evenodd"
              d="M20.532 3.471A.75.75 0 0 1 20.75 4v7.5a.75.75 0 0 1-1.5 0V5.81l-8.72 8.72a.75.75 0 1 1-1.06-1.06l8.72-8.72H12.5a.75.75 0 0 1 0-1.5H20c.206 0 .393.083.529.218l.001.002zM4.75 9A.25.25 0 0 1 5 8.75h7a.75.75 0 0 0 0-1.5H5A1.75 1.75 0 0 0 3.25 9v10c0 .966.784 1.75 1.75 1.75h10A1.75 1.75 0 0 0 16.75 19v-7a.75.75 0 0 0-1.5 0v7a.25.25 0 0 1-.25.25H5a.25.25 0 0 1-.25-.25z"
              fill="currentColor"
              fill-rule="evenodd"
            />
          </svg>
        </a>
         hvis du jobber i privat sektor. 
        <br />
        <br />
         Kalkulatoren beregner ikke AFP for deg som får uføretrygd.
        <br />
        <br />
         Gå videre for å se alderspensjon fra Nav og pensjonsavtaler.
      </p>
      <button
        class="_button_10fc87 navds-button navds-button--primary navds-button--medium"
        type="submit"
      >
        <span
          class="navds-label"
        >
          stegvisning.neste
        </span>
      </button>
      <button
        class="_button_10fc87 navds-button navds-button--secondary navds-button--medium"
        type="button"
      >
        <span
          class="navds-label"
        >
          stegvisning.tilbake
        </span>
      </button>
      <button
        class="_button_10fc87 navds-button navds-button--tertiary navds-button--medium"
        type="button"
      >
        <span
          class="navds-label"
        >
          stegvisning.avbryt
        </span>
      </button>
    </form>
  </section>
</DocumentFragment>
`;
