// Vitest Snapshot v1

exports[`Pensjonsberegning > viser feilmelding om henting av pensjonberegning feiler 1`] = `
<DocumentFragment>
  <div
    class="navds-alert navds-alert--error navds-alert--medium"
  >
    <svg
      aria-labelledby="title-r6"
      class="navds-alert__icon"
      fill="none"
      focusable="false"
      height="1em"
      role="img"
      viewBox="0 0 24 24"
      width="1em"
      xmlns="http://www.w3.org/2000/svg"
    >
      <title
        id="title-r6"
      >
        Feil
      </title>
      <path
        clip-rule="evenodd"
        d="M7.742 2.47a.75.75 0 0 1 .53-.22h7.456a.75.75 0 0 1 .53.22l5.272 5.272c.141.14.22.331.22.53v7.456a.75.75 0 0 1-.22.53l-5.272 5.272a.75.75 0 0 1-.53.22H8.272a.75.75 0 0 1-.53-.22L2.47 16.258a.75.75 0 0 1-.22-.53V8.272a.75.75 0 0 1 .22-.53L7.742 2.47Zm1.288 5.5a.75.75 0 0 0-1.06 1.06L10.94 12l-2.97 2.97a.75.75 0 1 0 1.06 1.06L12 13.06l2.97 2.97a.75.75 0 1 0 1.06-1.06L13.06 12l2.97-2.97a.75.75 0 0 0-1.06-1.06L12 10.94 9.03 7.97Z"
        fill="currentColor"
        fill-rule="evenodd"
      />
    </svg>
    <div
      class="navds-alert__wrapper navds-body-long"
    >
      <h2
        class="navds-heading navds-heading--small navds-typo--spacing"
      >
        Vi klarte ikke å hente din tidligste mulige uttaksalder. Prøv igjen senere.
      </h2>
    </div>
  </div>
</DocumentFragment>
`;

exports[`Pensjonsberegning > viser loading og deretter riktig header, tekst og knapper 1`] = `
<DocumentFragment>
  <div
    class="_container_46cd75"
  >
    <div
      class="_wrapper_f5a642"
      data-testid="tidligst-mulig-uttak"
    >
      <div
        class="_wrapperCard_f5a642"
      >
        <img
          alt=""
          class="_wrapperImage_f5a642"
          src="/pensjon/kalkulator/src/assets/piggybank.svg"
        />
        <div
          aria-live="polite"
          class="_wrapperText_f5a642"
          tabindex="-1"
        >
          <p
            class="_ingress_f5a642 _ingress__isInline_f5a642 navds-ingress"
          >
            Din opptjening i folketrygden gjør at du tidligst kan
            <br />
             ta ut alderspensjon når du er 
          </p>
          <span
            class="_highlighted_f5a642"
          >
            67 år og 1 måneder
            <div
              class="navds-help-text _helptext_f5a642"
            >
              <button
                aria-expanded="false"
                class="navds-help-text__button"
                type="button"
              >
                <svg
                  aria-labelledby="title-r2"
                  class="navds-help-text__icon"
                  fill="none"
                  focusable="false"
                  height="1em"
                  role="img"
                  viewBox="0 0 24 24"
                  width="1em"
                  xmlns="http://www.w3.org/2000/svg"
                >
                  <title
                    id="title-r2"
                  >
                    hjelp
                  </title>
                  <circle
                    cx="12"
                    cy="12"
                    fill="transparent"
                    r="11"
                    stroke="currentColor"
                    stroke-width="2"
                  />
                  <path
                    clip-rule="evenodd"
                    d="M9.75 9C9.75 7.75736 10.7574 6.75 12 6.75H12.1716C13.3195 6.75 14.25 7.68054 14.25 8.82843C14.25 9.37966 14.031 9.90832 13.6412 10.2981L12.6412 11.2981C11.7504 12.1889 11.25 13.3971 11.25 14.6569C11.25 15.0711 11.5858 15.4069 12 15.4069C12.4142 15.4069 12.75 15.0711 12.75 14.6569C12.75 13.7949 13.0924 12.9682 13.7019 12.3588L14.7019 11.3588C15.373 10.6877 15.75 9.77748 15.75 8.82843C15.75 6.85212 14.1479 5.25 12.1716 5.25H12C9.92893 5.25 8.25 6.92893 8.25 9V9.5C8.25 9.91421 8.58579 10.25 9 10.25C9.41421 10.25 9.75 9.91421 9.75 9.5V9ZM12 16.5C11.4477 16.5 11 16.9477 11 17.5C11 18.0523 11.4477 18.5 12 18.5C12.5523 18.5 13 18.0523 13 17.5C13 16.9477 12.5523 16.5 12 16.5Z"
                    fill="currentColor"
                    fill-rule="evenodd"
                  />
                </svg>
                <svg
                  aria-labelledby="title-r3"
                  class="navds-help-text__icon navds-help-text__icon--filled"
                  fill="none"
                  focusable="false"
                  height="1em"
                  role="img"
                  viewBox="0 0 24 24"
                  width="1em"
                  xmlns="http://www.w3.org/2000/svg"
                >
                  <title
                    id="title-r3"
                  >
                    hjelp
                  </title>
                  <circle
                    cx="12"
                    cy="12"
                    fill="currentColor"
                    r="11"
                    stroke="currentColor"
                    stroke-width="2"
                  />
                  <path
                    clip-rule="evenodd"
                    d="M9.75 9C9.75 7.75736 10.7574 6.75 12 6.75H12.1716C13.3195 6.75 14.25 7.68054 14.25 8.82843C14.25 9.37966 14.031 9.90832 13.6412 10.2981L12.6412 11.2981C11.7504 12.1889 11.25 13.3971 11.25 14.6569C11.25 15.0711 11.5858 15.4069 12 15.4069C12.4142 15.4069 12.75 15.0711 12.75 14.6569C12.75 13.7949 13.0924 12.9682 13.7019 12.3588L14.7019 11.3588C15.373 10.6877 15.75 9.77748 15.75 8.82843C15.75 6.85212 14.1479 5.25 12.1716 5.25H12C9.92893 5.25 8.25 6.92893 8.25 9V9.5C8.25 9.91421 8.58579 10.25 9 10.25C9.41421 10.25 9.75 9.91421 9.75 9.5V9ZM12 16.5C11.4477 16.5 11 16.9477 11 17.5C11 18.0523 11.4477 18.5 12 18.5C12.5523 18.5 13 18.0523 13 17.5C13 16.9477 12.5523 16.5 12 16.5Z"
                    fill="var(--a-surface-default)"
                    fill-rule="evenodd"
                  />
                </svg>
              </button>
              <div
                aria-hidden="true"
                class="navds-popover navds-help-text__popover navds-popover--hidden"
                data-placement="top"
                style="position: absolute; top: 0px; left: 0px;"
                tabindex="-1"
              >
                <div
                  class="navds-popover__content navds-body-short"
                >
                  For å starte uttak mellom 62 og 67 år må opptjeningen være høy nok. Tidspunktet er et estimat.
                </div>
                <div
                  class="navds-popover__arrow"
                  style="bottom: -0.5rem;"
                />
              </div>
            </div>
          </span>
          <p
            class="_ingress_f5a642 navds-ingress"
          >
            Jo lenger du venter, desto mer får du i året.
          </p>
        </div>
      </div>
    </div>
  </div>
  <div
    class="_background_46cd75 _background__hasMargin_46cd75"
  >
    <div
      class="_container_46cd75"
    >
      <div
        class="_wrapper_4ca3e3"
      >
        <div
          class="_wrapperCard_4ca3e3"
        >
          <span
            class="_pin_4ca3e3"
          />
          <h2
            class="navds-heading navds-heading--xsmall"
          >
            Når vil du ta ut alderspensjon?
          </h2>
          <ul
            class="navds-chips _chipsWrapper_4ca3e3 _chipsWrapper__hasGap_4ca3e3 navds-chips--medium navds-body-short navds-body-short--small"
          >
            <li>
              <button
                aria-pressed="false"
                class="navds-chips__chip navds-chips__toggle navds-chips__toggle--action"
              >
                <span
                  class="navds-chips__chip-text"
                >
                  67 år og 1 md.
                </span>
              </button>
            </li>
            <li>
              <button
                aria-pressed="false"
                class="navds-chips__chip navds-chips__toggle navds-chips__toggle--action"
              >
                <span
                  class="navds-chips__chip-text"
                >
                  68 år
                </span>
              </button>
            </li>
            <li>
              <button
                aria-pressed="false"
                class="navds-chips__chip navds-chips__toggle navds-chips__toggle--action"
              >
                <span
                  class="navds-chips__chip-text"
                >
                  69 år
                </span>
              </button>
            </li>
            <li>
              <button
                aria-pressed="false"
                class="navds-chips__chip navds-chips__toggle navds-chips__toggle--action"
              >
                <span
                  class="navds-chips__chip-text"
                >
                  70 år
                </span>
              </button>
            </li>
            <li>
              <button
                aria-pressed="false"
                class="navds-chips__chip navds-chips__toggle navds-chips__toggle--action"
              >
                <span
                  class="navds-chips__chip-text"
                >
                  71 år
                </span>
              </button>
            </li>
            <li>
              <button
                aria-pressed="false"
                class="navds-chips__chip navds-chips__toggle navds-chips__toggle--action"
              >
                <span
                  class="navds-chips__chip-text"
                >
                  72 år
                </span>
              </button>
            </li>
            <li>
              <button
                aria-pressed="false"
                class="navds-chips__chip navds-chips__toggle navds-chips__toggle--action"
              >
                <span
                  class="navds-chips__chip-text"
                >
                  73 år
                </span>
              </button>
            </li>
            <li>
              <button
                aria-pressed="false"
                class="navds-chips__chip navds-chips__toggle navds-chips__toggle--action"
              >
                <span
                  class="navds-chips__chip-text"
                >
                  74 år
                </span>
              </button>
            </li>
            <li>
              <button
                aria-pressed="false"
                class="navds-chips__chip navds-chips__toggle navds-chips__toggle--action"
              >
                <span
                  class="navds-chips__chip-text"
                >
                  75 år
                </span>
              </button>
            </li>
          </ul>
        </div>
      </div>
    </div>
  </div>
  <div
    class="_background_46cd75 _background__lightblue_46cd75"
  >
    <div
      class="_container_46cd75"
    >
      <section
        class="_section_095025"
      >
        <div
          class="_innerwrapper_095025"
        >
          <button
            class="_button_095025 navds-button navds-button--secondary navds-button--medium"
          >
            <span
              class="navds-label"
            >
              Tilbake til start
            </span>
          </button>
          <button
            class="_button_095025 _button__avbryt_095025 navds-button navds-button--tertiary navds-button--medium"
          >
            <span
              class="navds-label"
            >
              Avbryt
            </span>
          </button>
        </div>
      </section>
    </div>
  </div>
</DocumentFragment>
`;
