// Vitest Snapshot v1, https://vitest.dev/guide/snapshot.html

exports[`RedigerAvansertBeregning > Når brukeren klikker på beregn med ugyldige felter, vises det feilmeldinger 1`] = `
<DocumentFragment>
  <div
    class="_container_50fcfd _container__hasMobilePadding_50fcfd"
  >
    <div
      class="_form_50fcfd"
    >
      <form
        id="avansert-beregning"
        method="dialog"
      />
      <div>
        <label
          class="_label_50fcfd navds-label"
        >
          beregning.avansert.rediger.inntekt_frem_til_uttak.label
        </label>
        <div
          class="_description_50fcfd"
        >
          <span
            class="_descriptionText_50fcfd"
          >
            <span
              class="nowrap"
              data-testid="formatert-inntekt-frem-til-uttak"
            />
             beregning.avansert.rediger.inntekt_frem_til_uttak.description
          </span>
          <dialog
            aria-labelledby="rca"
            class="navds-modal navds-modal--polyfilled navds-modal--small"
            role="dialog"
          >
            <div
              class="navds-modal__header"
            >
              <button
                class="navds-modal__button navds-button navds-button--tertiary-neutral navds-button--small navds-button--icon-only"
                type="button"
              >
                <span
                  class="navds-button__icon"
                >
                  <svg
                    aria-labelledby="title-rcc"
                    fill="none"
                    focusable="false"
                    height="1em"
                    role="img"
                    viewBox="0 0 24 24"
                    width="1em"
                    xmlns="http://www.w3.org/2000/svg"
                  >
                    <title
                      id="title-rcc"
                    >
                      Lukk
                    </title>
                    <path
                      d="M6.53 5.47a.75.75 0 0 0-1.06 1.06L10.94 12l-5.47 5.47a.75.75 0 1 0 1.06 1.06L12 13.06l5.47 5.47a.75.75 0 1 0 1.06-1.06L13.06 12l5.47-5.47a.75.75 0 0 0-1.06-1.06L12 10.94 6.53 5.47Z"
                      fill="currentColor"
                    />
                  </svg>
                </span>
              </button>
              <h1
                class="navds-heading navds-heading--medium"
                id="rca"
              >
                <span
                  class="navds-modal__header-icon"
                />
                inntekt.endre_inntekt_modal.title
              </h1>
            </div>
            <div
              class="navds-modal__body"
            >
              <p
                class="navds-body-long navds-body-long--medium"
              >
                Din siste pensjonsgivende inntekt fra Skatteetaten er 
                <span
                  class="nowrap"
                >
                   kr
                </span>
                 fra . Se tidligere inntekter i 
                <a
                  class="navds-link navds-link--action navds-link--inline-text"
                  href="https://www.nav.no/pensjon/opptjening/nb/"
                  target="_blank"
                >
                  Din pensjonsopptjening
                  <svg
                    aria-labelledby="title-rcd"
                    fill="none"
                    focusable="false"
                    height="1.25rem"
                    role="img"
                    viewBox="0 0 24 24"
                    width="1.25rem"
                    xmlns="http://www.w3.org/2000/svg"
                  >
                    <title
                      id="title-rcd"
                    >
                      application.global.external_link
                    </title>
                    <path
                      clip-rule="evenodd"
                      d="M20.532 3.471A.748.748 0 0 1 20.75 4v7.5a.75.75 0 0 1-1.5 0V5.81l-8.72 8.72a.75.75 0 1 1-1.06-1.06l8.72-8.72H12.5a.75.75 0 0 1 0-1.5H20c.206 0 .393.083.529.218l.001.002.002.001ZM4.75 9A.25.25 0 0 1 5 8.75h7a.75.75 0 0 0 0-1.5H5A1.75 1.75 0 0 0 3.25 9v10c0 .966.784 1.75 1.75 1.75h10A1.75 1.75 0 0 0 16.75 19v-7a.75.75 0 0 0-1.5 0v7a.25.25 0 0 1-.25.25H5a.25.25 0 0 1-.25-.25V9Z"
                      fill="currentColor"
                      fill-rule="evenodd"
                    />
                  </svg>
                </a>
                <br />
                <br />
              </p>
              <form
                id="oppdatere-inntekt"
                method="dialog"
              >
                <div
                  class="navds-stack navds-vstack"
                  style="--__ac-stack-wrap: nowrap; --__ac-stack-gap-xs: var(--a-spacing-4); --__ac-stack-direction-xs: column;"
                >
                  <div
                    class="_textfield_edc51c navds-form-field navds-form-field--medium"
                  >
                    <label
                      class="navds-form-field__label navds-label"
                      for="textField-rce"
                    >
                      inntekt.endre_inntekt_modal.textfield.label
                    </label>
                    <div
                      class="navds-form-field__description navds-body-short navds-body-short--medium"
                      id="textField-description-rce"
                    >
                      inntekt.endre_inntekt_modal.textfield.description
                    </div>
                    <input
                      aria-describedby="textField-description-rce"
                      class="navds-text-field__input navds-body-short navds-body-short--medium"
                      data-testid="inntekt-textfield"
                      id="textField-rce"
                      inputmode="numeric"
                      max="5"
                      name="inntekt"
                      type="text"
                      value=""
                    />
                    <div
                      aria-live="polite"
                      aria-relevant="additions removals"
                      class="navds-form-field__error"
                      id="textField-error-rce"
                    />
                  </div>
                </div>
              </form>
            </div>
            <div
              class="navds-modal__footer"
            >
              <button
                class="navds-button navds-button--primary navds-button--medium"
                form="oppdatere-inntekt"
              >
                <span
                  class="navds-label"
                >
                  inntekt.endre_inntekt_modal.button
                </span>
              </button>
              <button
                class="navds-button navds-button--secondary navds-button--medium"
                type="button"
              >
                <span
                  class="navds-label"
                >
                  stegvisning.avbryt
                </span>
              </button>
            </div>
          </dialog>
          <button
            class="navds-button navds-button--tertiary navds-button--small"
          >
            <span
              class="navds-button__icon"
            >
              <svg
                aria-hidden="true"
                fill="none"
                focusable="false"
                height="1em"
                role="img"
                viewBox="0 0 24 24"
                width="1em"
                xmlns="http://www.w3.org/2000/svg"
              >
                <path
                  clip-rule="evenodd"
                  d="M19.638 4.417a3.252 3.252 0 0 0-4.608-.008l-9.378 9.379a.75.75 0 0 0-.191.324l-1.414 4.95a.75.75 0 0 0 .925.927l4.94-1.398a.75.75 0 0 0 .327-.191l9.39-9.391a3.252 3.252 0 0 0 .01-4.592ZM16.091 5.47a1.752 1.752 0 1 1 2.478 2.478l-.23.23-2.477-2.479.229-.23ZM14.8 6.76 6.85 14.71l-.991 3.47 3.457-.979 7.963-7.963-2.478-2.478Z"
                  fill="currentColor"
                  fill-rule="evenodd"
                />
              </svg>
            </span>
            <span
              class="navds-label navds-label--small"
            >
              beregning.avansert.rediger.inntekt.button
            </span>
          </button>
        </div>
        <div
          class="_spacer_50fcfd _spacer__small_50fcfd"
        />
        <div
          class="navds-read-more navds-read-more--medium"
        >
          <button
            aria-expanded="false"
            class="navds-read-more__button navds-body-short"
            data-testid="readmore"
            type="button"
          >
            <svg
              aria-hidden="true"
              class="navds-read-more__expand-icon"
              fill="none"
              focusable="false"
              height="1em"
              role="img"
              viewBox="0 0 24 24"
              width="1em"
              xmlns="http://www.w3.org/2000/svg"
            >
              <path
                clip-rule="evenodd"
                d="M5.97 9.47a.75.75 0 0 1 1.06 0L12 14.44l4.97-4.97a.75.75 0 1 1 1.06 1.06l-5.5 5.5a.75.75 0 0 1-1.06 0l-5.5-5.5a.75.75 0 0 1 0-1.06Z"
                fill="currentColor"
                fill-rule="evenodd"
              />
            </svg>
            <span>
              inntekt.info_om_inntekt.read_more
            </span>
          </button>
          <div
            aria-hidden="true"
            class="navds-read-more__content navds-read-more__content--closed navds-body-long navds-body-long--medium"
          >
            <p
              class="navds-body-long navds-body-long--medium"
            >
              Kalkulatoren bruker siste tilgjengelige årsinntekt fastsatt av Skatteetaten som fremtidig inntekt. Hvis du endrer fremtidig inntekt i kalkulatoren, brukes den i stedet.
              <br />
              <br />
            </p>
            <h2
              class="navds-label"
            >
              inntekt.info_om_inntekt.subtitle
            </h2>
            <ul>
              <li>
                inntekt.info_om_inntekt.list_item1
              </li>
              <li>
                inntekt.info_om_inntekt.list_item2
              </li>
              <li>
                inntekt.info_om_inntekt.list_item3
              </li>
              <li>
                inntekt.info_om_inntekt.list_item4
              </li>
              <li>
                inntekt.info_om_inntekt.list_item5
              </li>
              <li>
                inntekt.info_om_inntekt.list_item6
              </li>
              <li>
                inntekt.info_om_inntekt.list_item7
              </li>
              <li>
                inntekt.info_om_inntekt.list_item8
              </li>
              <li>
                inntekt.info_om_inntekt.list_item9
              </li>
              <li>
                inntekt.info_om_inntekt.list_item10
              </li>
            </ul>
            <p
              class="navds-body-long navds-body-long--medium"
            >
              Pensjonsgivende inntekt har betydning for retten til og størrelsen på alderspensjon og andre pensjonsytelser. Den pensjonsgivende inntekten beregnes av Skatteetaten.
              <br />
              <br />
              Uføretrygd gir opptjening til alderspensjon, men regnes ikke som pensjonsgivende inntekt.
            </p>
          </div>
        </div>
      </div>
      <hr
        class="_divider_1adfb3 _divider__NoMargin_1adfb3"
      />
      <div>
        <div
          data-testid="age-picker-uttaksalder-gradert-uttak"
        >
          <label
            class="_label_1edc42 navds-label"
          >
            velguttaksalder.title
          </label>
          <div
            class="_selectWrapper_1edc42"
          >
            <div
              class="_selectAar_1edc42 navds-form-field navds-form-field--medium"
            >
              <label
                class="navds-form-field__label navds-label"
                for="select-rch"
              >
                Velg år
              </label>
              <div
                class="navds-select__container"
              >
                <select
                  aria-invalid="false"
                  class="navds-select__input navds-body-short navds-body-short--medium"
                  data-testid="age-picker-uttaksalder-gradert-uttak-aar"
                  form="avansert-beregning"
                  id="select-rch"
                  name="uttaksalder-gradert-uttak-aar"
                >
                  <option
                    disabled=""
                    value=""
                  >
                     
                  </option>
                  <option
                    value="62"
                  >
                    62 alder.aar
                  </option>
                  <option
                    value="63"
                  >
                    63 alder.aar
                  </option>
                  <option
                    value="64"
                  >
                    64 alder.aar
                  </option>
                  <option
                    value="65"
                  >
                    65 alder.aar
                  </option>
                  <option
                    value="66"
                  >
                    66 alder.aar
                  </option>
                  <option
                    value="67"
                  >
                    67 alder.aar
                  </option>
                  <option
                    value="68"
                  >
                    68 alder.aar
                  </option>
                  <option
                    value="69"
                  >
                    69 alder.aar
                  </option>
                  <option
                    value="70"
                  >
                    70 alder.aar
                  </option>
                  <option
                    value="71"
                  >
                    71 alder.aar
                  </option>
                  <option
                    value="72"
                  >
                    72 alder.aar
                  </option>
                  <option
                    value="73"
                  >
                    73 alder.aar
                  </option>
                  <option
                    value="74"
                  >
                    74 alder.aar
                  </option>
                  <option
                    value="75"
                  >
                    75 alder.aar
                  </option>
                </select>
                <svg
                  aria-hidden="true"
                  class="navds-select__chevron"
                  fill="none"
                  focusable="false"
                  height="1em"
                  role="img"
                  viewBox="0 0 24 24"
                  width="1em"
                  xmlns="http://www.w3.org/2000/svg"
                >
                  <path
                    clip-rule="evenodd"
                    d="M5.97 9.47a.75.75 0 0 1 1.06 0L12 14.44l4.97-4.97a.75.75 0 1 1 1.06 1.06l-5.5 5.5a.75.75 0 0 1-1.06 0l-5.5-5.5a.75.75 0 0 1 0-1.06Z"
                    fill="currentColor"
                    fill-rule="evenodd"
                  />
                </svg>
              </div>
              <div
                aria-live="polite"
                aria-relevant="additions removals"
                class="navds-form-field__error"
                id="select-error-rch"
              />
            </div>
            <div
              class="_selectMaaned_1edc42 navds-form-field navds-form-field--medium"
            >
              <label
                class="navds-form-field__label navds-label"
                for="select-rcj"
              >
                Velg måned
              </label>
              <div
                class="navds-select__container"
              >
                <select
                  aria-invalid="false"
                  class="navds-select__input navds-body-short navds-body-short--medium"
                  data-testid="age-picker-uttaksalder-gradert-uttak-maaneder"
                  form="avansert-beregning"
                  id="select-rcj"
                  name="uttaksalder-gradert-uttak-maaneder"
                >
                  <option
                    disabled=""
                    value=""
                  >
                     
                  </option>
                  <option
                    value="0"
                  >
                    0 alder.md (mai)
                  </option>
                  <option
                    value="1"
                  >
                    1 alder.md (juni)
                  </option>
                  <option
                    value="2"
                  >
                    2 alder.md (juli)
                  </option>
                  <option
                    value="3"
                  >
                    3 alder.md (aug.)
                  </option>
                  <option
                    value="4"
                  >
                    4 alder.md (sep.)
                  </option>
                  <option
                    value="5"
                  >
                    5 alder.md (okt.)
                  </option>
                  <option
                    value="6"
                  >
                    6 alder.md (nov.)
                  </option>
                  <option
                    value="7"
                  >
                    7 alder.md (des.)
                  </option>
                  <option
                    value="8"
                  >
                    8 alder.md (jan.)
                  </option>
                  <option
                    value="9"
                  >
                    9 alder.md (mars)
                  </option>
                  <option
                    value="10"
                  >
                    10 alder.md (mars)
                  </option>
                  <option
                    value="11"
                  >
                    11 alder.md (apr.)
                  </option>
                </select>
                <svg
                  aria-hidden="true"
                  class="navds-select__chevron"
                  fill="none"
                  focusable="false"
                  height="1em"
                  role="img"
                  viewBox="0 0 24 24"
                  width="1em"
                  xmlns="http://www.w3.org/2000/svg"
                >
                  <path
                    clip-rule="evenodd"
                    d="M5.97 9.47a.75.75 0 0 1 1.06 0L12 14.44l4.97-4.97a.75.75 0 1 1 1.06 1.06l-5.5 5.5a.75.75 0 0 1-1.06 0l-5.5-5.5a.75.75 0 0 1 0-1.06Z"
                    fill="currentColor"
                    fill-rule="evenodd"
                  />
                </svg>
              </div>
              <div
                aria-live="polite"
                aria-relevant="additions removals"
                class="navds-form-field__error"
                id="select-error-rcj"
              />
            </div>
            <span
              class="_date_1edc42"
            >
              01.10.2028
            </span>
          </div>
        </div>
        <div
          class="_spacer__small_50fcfd"
        />
        <div
          class="navds-read-more navds-read-more--medium"
        >
          <button
            aria-expanded="false"
            class="navds-read-more__button navds-body-short"
            data-testid="readmore"
            type="button"
          >
            <svg
              aria-hidden="true"
              class="navds-read-more__expand-icon"
              fill="none"
              focusable="false"
              height="1em"
              role="img"
              viewBox="0 0 24 24"
              width="1em"
              xmlns="http://www.w3.org/2000/svg"
            >
              <path
                clip-rule="evenodd"
                d="M5.97 9.47a.75.75 0 0 1 1.06 0L12 14.44l4.97-4.97a.75.75 0 1 1 1.06 1.06l-5.5 5.5a.75.75 0 0 1-1.06 0l-5.5-5.5a.75.75 0 0 1 0-1.06Z"
                fill="currentColor"
                fill-rule="evenodd"
              />
            </svg>
            <span>
              beregning.avansert.rediger.read_more.pensjonsalder.label
            </span>
          </button>
          <div
            aria-hidden="true"
            class="navds-read-more__content navds-read-more__content--closed navds-body-long navds-body-long--medium"
          >
            <p
              class="navds-body-long navds-body-long--medium"
            >
              Regjeringen ønsker å justere pensjonsalderen etter hvilket år du er født. Dette er ikke vedtatt av Stortinget enda. Pensjonsalderen vil da øke for dem som er født fra og med 1964.
              <br />
              <br />
            </p>
            <h3
              class="navds-label"
            >
              beregning.avansert.rediger.read_more.pensjonsalder.subtitle
            </h3>
            Din opptjening i folketrygden og eventuell AFP bestemmer når du kan ta ut alderspensjon.
            <br />
            <br />
            Ved 67 år må pensjonen minst tilsvare garantipensjon. Uttak før 67 år betyr at du fordeler pensjonen din over flere år, og dermed får du mindre hvert år.
            <br />
            <br />
            Hvis du ikke kan ta ut hel (
            <span
              class="nowrap"
            >
              100 %
            </span>
            ) alderspensjon fra ønsket alder, kan du endre uttaksgraden for å se om du kan starte tidligere. Tar du ut gradert pensjon, kan tidspunktet du kan ta ut 
            <span
              class="nowrap"
            >
              100 %
            </span>
             forskyves.
            <br />
            <br />
            Fra 67 år kan alle ta ut 
            <span
              class="nowrap"
            >
              100 %
            </span>
             alderspensjon.
            <br />
            <br />
            Når du velger uttaksalder, gjelder beregningen fra kalendermåneden etter.
          </div>
        </div>
      </div>
      <div>
        <div
          class="_select_50fcfd navds-form-field navds-form-field--medium"
        >
          <label
            class="navds-form-field__label navds-label"
            for="select-rcm"
          >
            beregning.avansert.rediger.uttaksgrad.label
          </label>
          <div
            class="navds-form-field__description navds-body-short navds-body-short--medium"
            id="select-description-rcm"
          >
            beregning.avansert.rediger.uttaksgrad.description
          </div>
          <div
            class="navds-select__container"
          >
            <select
              aria-describedby="select-description-rcm"
              class="navds-select__input navds-body-short navds-body-short--medium"
              data-testid="uttaksgrad"
              form="avansert-beregning"
              id="select-rcm"
              name="uttaksgrad"
            >
              <option>
                beregning.avansert.rediger.uttaksgrad.description
              </option>
              <option
                value="20 %"
              >
                20 %
              </option>
              <option
                value="40 %"
              >
                40 %
              </option>
              <option
                value="50 %"
              >
                50 %
              </option>
              <option
                value="60 %"
              >
                60 %
              </option>
              <option
                value="80 %"
              >
                80 %
              </option>
              <option
                value="100 %"
              >
                100 %
              </option>
            </select>
            <svg
              aria-hidden="true"
              class="navds-select__chevron"
              fill="none"
              focusable="false"
              height="1em"
              role="img"
              viewBox="0 0 24 24"
              width="1em"
              xmlns="http://www.w3.org/2000/svg"
            >
              <path
                clip-rule="evenodd"
                d="M5.97 9.47a.75.75 0 0 1 1.06 0L12 14.44l4.97-4.97a.75.75 0 1 1 1.06 1.06l-5.5 5.5a.75.75 0 0 1-1.06 0l-5.5-5.5a.75.75 0 0 1 0-1.06Z"
                fill="currentColor"
                fill-rule="evenodd"
              />
            </svg>
          </div>
          <div
            aria-live="polite"
            aria-relevant="additions removals"
            class="navds-form-field__error"
            id="select-error-rcm"
          />
        </div>
        <div
          class="_spacer__small_50fcfd"
        />
        <div
          class="navds-read-more navds-read-more--medium"
        >
          <button
            aria-expanded="false"
            class="navds-read-more__button navds-body-short"
            data-testid="readmore"
            type="button"
          >
            <svg
              aria-hidden="true"
              class="navds-read-more__expand-icon"
              fill="none"
              focusable="false"
              height="1em"
              role="img"
              viewBox="0 0 24 24"
              width="1em"
              xmlns="http://www.w3.org/2000/svg"
            >
              <path
                clip-rule="evenodd"
                d="M5.97 9.47a.75.75 0 0 1 1.06 0L12 14.44l4.97-4.97a.75.75 0 1 1 1.06 1.06l-5.5 5.5a.75.75 0 0 1-1.06 0l-5.5-5.5a.75.75 0 0 1 0-1.06Z"
                fill="currentColor"
                fill-rule="evenodd"
              />
            </svg>
            <span>
              beregning.avansert.rediger.read_more.uttaksgrad.label
            </span>
          </button>
          <div
            aria-hidden="true"
            class="navds-read-more__content navds-read-more__content--closed navds-body-long navds-body-long--medium"
          >
            <p
              class="navds-body-long navds-body-long--medium"
            >
              Uttaksgrad angir hvor stor del av månedlig alderspensjon du ønsker å ta ut. Du kan velge gradert uttak (20, 40, 50, 60 eller 
              <span
                class="nowrap"
              >
                80 %
              </span>
              ), eller hel alderspensjon (
              <span
                class="nowrap"
              >
                100 %
              </span>
              ).
            </p>
          </div>
        </div>
      </div>
      <div>
        <fieldset
          aria-required="true"
          class="navds-radio-group navds-radio-group--medium navds-fieldset navds-fieldset--medium"
          data-testid="inntekt-vsa-gradert-uttak-radio"
          role="radiogroup"
        >
          <legend
            class="navds-fieldset__legend navds-label"
          >
            Forventer du å ha inntekt samtidig som du tar ut 
            <span
              class="nowrap"
            >
              80 %
            </span>
             pensjon?
          </legend>
          <div
            class="navds-fieldset__description navds-body-short navds-body-short--medium"
            id="fieldset-description-rd7"
          >
            beregning.avansert.rediger.radio.inntekt_vsa_gradert_uttak.description
          </div>
          <div
            class="navds-radio-buttons"
          >
            <div
              class="navds-radio navds-radio--medium"
            >
              <input
                aria-labelledby="rd9"
                class="navds-radio__input"
                data-testid="inntekt-vsa-gradert-uttak-radio-ja"
                form="avansert-beregning"
                id="radio-rd8"
                name="inntekt-vsa-gradert-uttak-radio"
                type="radio"
                value="ja"
              />
              <label
                class="navds-radio__label"
                for="radio-rd8"
              >
                <span
                  class="navds-radio__content"
                >
                  <span
                    aria-hidden="true"
                    class="navds-body-short navds-body-short--medium"
                    id="rd9"
                  >
                    stegvisning.radio_ja
                  </span>
                </span>
              </label>
            </div>
            <div
              class="navds-radio navds-radio--medium"
            >
              <input
                aria-labelledby="rdc"
                class="navds-radio__input"
                data-testid="inntekt-vsa-gradert-uttak-radio-nei"
                form="avansert-beregning"
                id="radio-rdb"
                name="inntekt-vsa-gradert-uttak-radio"
                type="radio"
                value="nei"
              />
              <label
                class="navds-radio__label"
                for="radio-rdb"
              >
                <span
                  class="navds-radio__content"
                >
                  <span
                    aria-hidden="true"
                    class="navds-body-short navds-body-short--medium"
                    id="rdc"
                  >
                    stegvisning.radio_nei
                  </span>
                </span>
              </label>
            </div>
          </div>
          <div
            aria-live="polite"
            aria-relevant="additions removals"
            class="navds-fieldset__error"
            id="fieldset-error-rd7"
          />
        </fieldset>
      </div>
      <div>
        <div
          class="_textfield_50fcfd navds-form-field navds-form-field--medium navds-text-field--error"
        >
          <label
            class="navds-form-field__label navds-label"
            for="textField-rdq"
          >
            Hva er din forventede årsinntekt mens du tar ut 
            <span
              class="nowrap"
            >
              80 %
            </span>
             alderspensjon?
          </label>
          <div
            class="navds-form-field__description navds-body-short navds-body-short--medium"
            id="textField-description-rdq"
          >
            inntekt.endre_inntekt_modal.textfield.description
          </div>
          <input
            aria-describedby="textField-description-rdq textField-error-rdq"
            aria-invalid="true"
            aria-required="true"
            class="navds-text-field__input navds-body-short navds-body-short--medium"
            data-testid="inntekt-vsa-gradert-uttak"
            form="avansert-beregning"
            id="textField-rdq"
            inputmode="numeric"
            max="5"
            name="inntekt-vsa-gradert-uttak"
            type="text"
            value=""
          />
          <div
            aria-live="polite"
            aria-relevant="additions removals"
            class="navds-form-field__error"
            id="textField-error-rdq"
          >
            <p
              class="navds-error-message navds-label"
            >
              Du må fylle ut forventet inntekt samtidig som du tar ut 
              <span
                class="nowrap"
              >
                80 %
              </span>
               pensjon.
            </p>
          </div>
        </div>
      </div>
      <hr
        class="_divider_1adfb3 _divider__NoMargin_1adfb3"
      />
      <div>
        <div
          data-testid="age-picker-uttaksalder-helt-uttak"
        >
          <label
            class="_label_1edc42 navds-label"
          >
            Når vil du ta ut 
            <span
              class="nowrap"
            >
              100 %
            </span>
             alderspensjon
          </label>
          <div
            class="_selectWrapper_1edc42"
          >
            <div
              class="_selectAar_1edc42 navds-form-field navds-form-field--medium"
            >
              <label
                class="navds-form-field__label navds-label"
                for="select-rde"
              >
                Velg år
              </label>
              <div
                class="navds-select__container"
              >
                <select
                  aria-invalid="false"
                  class="navds-select__input navds-body-short navds-body-short--medium"
                  data-testid="age-picker-uttaksalder-helt-uttak-aar"
                  form="avansert-beregning"
                  id="select-rde"
                  name="uttaksalder-helt-uttak-aar"
                >
                  <option
                    disabled=""
                    value=""
                  >
                     
                  </option>
                  <option
                    value="62"
                  >
                    62 alder.aar
                  </option>
                  <option
                    value="63"
                  >
                    63 alder.aar
                  </option>
                  <option
                    value="64"
                  >
                    64 alder.aar
                  </option>
                  <option
                    value="65"
                  >
                    65 alder.aar
                  </option>
                  <option
                    value="66"
                  >
                    66 alder.aar
                  </option>
                  <option
                    value="67"
                  >
                    67 alder.aar
                  </option>
                  <option
                    value="68"
                  >
                    68 alder.aar
                  </option>
                  <option
                    value="69"
                  >
                    69 alder.aar
                  </option>
                  <option
                    value="70"
                  >
                    70 alder.aar
                  </option>
                  <option
                    value="71"
                  >
                    71 alder.aar
                  </option>
                  <option
                    value="72"
                  >
                    72 alder.aar
                  </option>
                  <option
                    value="73"
                  >
                    73 alder.aar
                  </option>
                  <option
                    value="74"
                  >
                    74 alder.aar
                  </option>
                  <option
                    value="75"
                  >
                    75 alder.aar
                  </option>
                </select>
                <svg
                  aria-hidden="true"
                  class="navds-select__chevron"
                  fill="none"
                  focusable="false"
                  height="1em"
                  role="img"
                  viewBox="0 0 24 24"
                  width="1em"
                  xmlns="http://www.w3.org/2000/svg"
                >
                  <path
                    clip-rule="evenodd"
                    d="M5.97 9.47a.75.75 0 0 1 1.06 0L12 14.44l4.97-4.97a.75.75 0 1 1 1.06 1.06l-5.5 5.5a.75.75 0 0 1-1.06 0l-5.5-5.5a.75.75 0 0 1 0-1.06Z"
                    fill="currentColor"
                    fill-rule="evenodd"
                  />
                </svg>
              </div>
              <div
                aria-live="polite"
                aria-relevant="additions removals"
                class="navds-form-field__error"
                id="select-error-rde"
              />
            </div>
            <div
              class="_selectMaaned_1edc42 navds-form-field navds-form-field--medium"
            >
              <label
                class="navds-form-field__label navds-label"
                for="select-rdg"
              >
                Velg måned
              </label>
              <div
                class="navds-select__container"
              >
                <select
                  aria-invalid="false"
                  class="navds-select__input navds-body-short navds-body-short--medium"
                  data-testid="age-picker-uttaksalder-helt-uttak-maaneder"
                  form="avansert-beregning"
                  id="select-rdg"
                  name="uttaksalder-helt-uttak-maaneder"
                >
                  <option
                    disabled=""
                    value=""
                  >
                     
                  </option>
                  <option
                    value="0"
                  >
                    0 alder.md (mai)
                  </option>
                  <option
                    value="1"
                  >
                    1 alder.md (juni)
                  </option>
                  <option
                    value="2"
                  >
                    2 alder.md (juli)
                  </option>
                  <option
                    value="3"
                  >
                    3 alder.md (aug.)
                  </option>
                  <option
                    value="4"
                  >
                    4 alder.md (sep.)
                  </option>
                  <option
                    value="5"
                  >
                    5 alder.md (okt.)
                  </option>
                  <option
                    value="6"
                  >
                    6 alder.md (nov.)
                  </option>
                  <option
                    value="7"
                  >
                    7 alder.md (des.)
                  </option>
                  <option
                    value="8"
                  >
                    8 alder.md (jan.)
                  </option>
                  <option
                    value="9"
                  >
                    9 alder.md (mars)
                  </option>
                  <option
                    value="10"
                  >
                    10 alder.md (mars)
                  </option>
                  <option
                    value="11"
                  >
                    11 alder.md (apr.)
                  </option>
                </select>
                <svg
                  aria-hidden="true"
                  class="navds-select__chevron"
                  fill="none"
                  focusable="false"
                  height="1em"
                  role="img"
                  viewBox="0 0 24 24"
                  width="1em"
                  xmlns="http://www.w3.org/2000/svg"
                >
                  <path
                    clip-rule="evenodd"
                    d="M5.97 9.47a.75.75 0 0 1 1.06 0L12 14.44l4.97-4.97a.75.75 0 1 1 1.06 1.06l-5.5 5.5a.75.75 0 0 1-1.06 0l-5.5-5.5a.75.75 0 0 1 0-1.06Z"
                    fill="currentColor"
                    fill-rule="evenodd"
                  />
                </svg>
              </div>
              <div
                aria-live="polite"
                aria-relevant="additions removals"
                class="navds-form-field__error"
                id="select-error-rdg"
              />
            </div>
            <span
              class="_date_1edc42"
            >
              01.10.2030
            </span>
          </div>
        </div>
      </div>
      <div>
        <fieldset
          aria-required="true"
          class="navds-radio-group navds-radio-group--medium navds-fieldset navds-fieldset--medium"
          data-testid="inntekt-vsa-helt-uttak-radio"
          role="radiogroup"
        >
          <legend
            class="navds-fieldset__legend navds-label"
          >
            Forventer du å ha inntekt samtidig som du tar ut 
            <span
              class="nowrap"
            >
              100 %
            </span>
             pensjon?
          </legend>
          <div
            class="navds-fieldset__description navds-body-short navds-body-short--medium"
            id="fieldset-description-rdj"
          >
            beregning.avansert.rediger.radio.inntekt_vsa_helt_uttak.description
          </div>
          <div
            class="navds-radio-buttons"
          >
            <div
              class="navds-radio navds-radio--medium"
            >
              <input
                aria-labelledby="rdl"
                class="navds-radio__input"
                data-testid="inntekt-vsa-helt-uttak-radio-ja"
                form="avansert-beregning"
                id="radio-rdk"
                name="inntekt-vsa-helt-uttak-radio"
                type="radio"
                value="ja"
              />
              <label
                class="navds-radio__label"
                for="radio-rdk"
              >
                <span
                  class="navds-radio__content"
                >
                  <span
                    aria-hidden="true"
                    class="navds-body-short navds-body-short--medium"
                    id="rdl"
                  >
                    stegvisning.radio_ja
                  </span>
                </span>
              </label>
            </div>
            <div
              class="navds-radio navds-radio--medium"
            >
              <input
                aria-labelledby="rdo"
                class="navds-radio__input"
                data-testid="inntekt-vsa-helt-uttak-radio-nei"
                form="avansert-beregning"
                id="radio-rdn"
                name="inntekt-vsa-helt-uttak-radio"
                type="radio"
                value="nei"
              />
              <label
                class="navds-radio__label"
                for="radio-rdn"
              >
                <span
                  class="navds-radio__content"
                >
                  <span
                    aria-hidden="true"
                    class="navds-body-short navds-body-short--medium"
                    id="rdo"
                  >
                    stegvisning.radio_nei
                  </span>
                </span>
              </label>
            </div>
          </div>
          <div
            aria-live="polite"
            aria-relevant="additions removals"
            class="navds-fieldset__error"
            id="fieldset-error-rdj"
          />
        </fieldset>
      </div>
      <div
        class="_wrapper_6b784e"
      >
        <hr
          class="_separator_6b784e"
        />
        <div>
          <button
            class="_button_6b784e _buttonSubmit_6b784e navds-button navds-button--primary navds-button--medium"
            form="avansert-beregning"
          >
            <span
              class="navds-label"
            >
              beregning.avansert.button.beregn
            </span>
          </button>
          <button
            class="_button_6b784e navds-button navds-button--secondary navds-button--medium"
            type="button"
          >
            <span
              class="navds-label"
            >
              beregning.avansert.button.nullstill
            </span>
          </button>
        </div>
      </div>
    </div>
  </div>
</DocumentFragment>
`;
